Archive member included to satisfy reference by file (symbol)

c:/ac6/systemworkbench/plugins/fr.ac6.mcu.externaltools.arm-none.win32_1.15.0.201708311556/tools/compiler/bin/../lib/gcc/arm-none-eabi/6.3.1/thumb/v7e-m/fpv4-sp/hard\libgcc.a(_arm_addsubdf3.o)
                              Utilities/STM32F4-Discovery/stm32f4_discovery_lcd.o (__aeabi_ui2d)
c:/ac6/systemworkbench/plugins/fr.ac6.mcu.externaltools.arm-none.win32_1.15.0.201708311556/tools/compiler/bin/../lib/gcc/arm-none-eabi/6.3.1/thumb/v7e-m/fpv4-sp/hard\libgcc.a(_arm_cmpdf2.o)
                              Utilities/STM32F4-Discovery/stm32f4_discovery_lcd.o (__aeabi_dcmplt)
c:/ac6/systemworkbench/plugins/fr.ac6.mcu.externaltools.arm-none.win32_1.15.0.201708311556/tools/compiler/bin/../lib/gcc/arm-none-eabi/6.3.1/../../../../arm-none-eabi/lib/thumb/v7e-m/fpv4-sp/hard\libc.a(lib_a-errno.o)
                              startup/sysmem.o (__errno)
c:/ac6/systemworkbench/plugins/fr.ac6.mcu.externaltools.arm-none.win32_1.15.0.201708311556/tools/compiler/bin/../lib/gcc/arm-none-eabi/6.3.1/../../../../arm-none-eabi/lib/thumb/v7e-m/fpv4-sp/hard\libc.a(lib_a-exit.o)
                              c:/ac6/systemworkbench/plugins/fr.ac6.mcu.externaltools.arm-none.win32_1.15.0.201708311556/tools/compiler/bin/../lib/gcc/arm-none-eabi/6.3.1/../../../../arm-none-eabi/lib/thumb/v7e-m/fpv4-sp/hard/crt0.o (exit)
c:/ac6/systemworkbench/plugins/fr.ac6.mcu.externaltools.arm-none.win32_1.15.0.201708311556/tools/compiler/bin/../lib/gcc/arm-none-eabi/6.3.1/../../../../arm-none-eabi/lib/thumb/v7e-m/fpv4-sp/hard\libc.a(lib_a-impure.o)
                              c:/ac6/systemworkbench/plugins/fr.ac6.mcu.externaltools.arm-none.win32_1.15.0.201708311556/tools/compiler/bin/../lib/gcc/arm-none-eabi/6.3.1/../../../../arm-none-eabi/lib/thumb/v7e-m/fpv4-sp/hard\libc.a(lib_a-exit.o) (_global_impure_ptr)
c:/ac6/systemworkbench/plugins/fr.ac6.mcu.externaltools.arm-none.win32_1.15.0.201708311556/tools/compiler/bin/../lib/gcc/arm-none-eabi/6.3.1/../../../../arm-none-eabi/lib/thumb/v7e-m/fpv4-sp/hard\libc.a(lib_a-init.o)
                              c:/ac6/systemworkbench/plugins/fr.ac6.mcu.externaltools.arm-none.win32_1.15.0.201708311556/tools/compiler/bin/../lib/gcc/arm-none-eabi/6.3.1/../../../../arm-none-eabi/lib/thumb/v7e-m/fpv4-sp/hard/crt0.o (__libc_init_array)
c:/ac6/systemworkbench/plugins/fr.ac6.mcu.externaltools.arm-none.win32_1.15.0.201708311556/tools/compiler/bin/../lib/gcc/arm-none-eabi/6.3.1/../../../../arm-none-eabi/lib/thumb/v7e-m/fpv4-sp/hard\libc.a(lib_a-memset.o)
                              c:/ac6/systemworkbench/plugins/fr.ac6.mcu.externaltools.arm-none.win32_1.15.0.201708311556/tools/compiler/bin/../lib/gcc/arm-none-eabi/6.3.1/../../../../arm-none-eabi/lib/thumb/v7e-m/fpv4-sp/hard/crt0.o (memset)
c:/ac6/systemworkbench/plugins/fr.ac6.mcu.externaltools.arm-none.win32_1.15.0.201708311556/tools/compiler/bin/../lib/gcc/arm-none-eabi/6.3.1/../../../../arm-none-eabi/lib/thumb/v7e-m/fpv4-sp/hard\libc.a(lib_a-printf.o)
                              Utilities/STM32F4-Discovery/stm32f4_discovery_debug.o (printf)
c:/ac6/systemworkbench/plugins/fr.ac6.mcu.externaltools.arm-none.win32_1.15.0.201708311556/tools/compiler/bin/../lib/gcc/arm-none-eabi/6.3.1/../../../../arm-none-eabi/lib/thumb/v7e-m/fpv4-sp/hard\libc.a(lib_a-sprintf.o)
                              src/bmp.o (sprintf)
c:/ac6/systemworkbench/plugins/fr.ac6.mcu.externaltools.arm-none.win32_1.15.0.201708311556/tools/compiler/bin/../lib/gcc/arm-none-eabi/6.3.1/../../../../arm-none-eabi/lib/thumb/v7e-m/fpv4-sp/hard\libc.a(lib_a-svfprintf.o)
                              c:/ac6/systemworkbench/plugins/fr.ac6.mcu.externaltools.arm-none.win32_1.15.0.201708311556/tools/compiler/bin/../lib/gcc/arm-none-eabi/6.3.1/../../../../arm-none-eabi/lib/thumb/v7e-m/fpv4-sp/hard\libc.a(lib_a-sprintf.o) (_svfprintf_r)
c:/ac6/systemworkbench/plugins/fr.ac6.mcu.externaltools.arm-none.win32_1.15.0.201708311556/tools/compiler/bin/../lib/gcc/arm-none-eabi/6.3.1/../../../../arm-none-eabi/lib/thumb/v7e-m/fpv4-sp/hard\libc.a(lib_a-vfprintf.o)
                              c:/ac6/systemworkbench/plugins/fr.ac6.mcu.externaltools.arm-none.win32_1.15.0.201708311556/tools/compiler/bin/../lib/gcc/arm-none-eabi/6.3.1/../../../../arm-none-eabi/lib/thumb/v7e-m/fpv4-sp/hard\libc.a(lib_a-printf.o) (_vfprintf_r)
c:/ac6/systemworkbench/plugins/fr.ac6.mcu.externaltools.arm-none.win32_1.15.0.201708311556/tools/compiler/bin/../lib/gcc/arm-none-eabi/6.3.1/../../../../arm-none-eabi/lib/thumb/v7e-m/fpv4-sp/hard\libc.a(lib_a-wsetup.o)
                              c:/ac6/systemworkbench/plugins/fr.ac6.mcu.externaltools.arm-none.win32_1.15.0.201708311556/tools/compiler/bin/../lib/gcc/arm-none-eabi/6.3.1/../../../../arm-none-eabi/lib/thumb/v7e-m/fpv4-sp/hard\libc.a(lib_a-vfprintf.o) (__swsetup_r)
[...]
Memory Configuration

Name             Origin             Length             Attributes
RAM              0x20000000         0x00020000         xrw
ROM              0x08000000         0x00100000         xr
*default*        0x00000000         0xffffffff

Linker script and memory map

LOAD c:/ac6/systemworkbench/plugins/fr.ac6.mcu.externaltools.arm-none.win32_1.15.0.201708311556/tools/compiler/bin/../lib/gcc/arm-none-eabi/6.3.1/thumb/v7e-m/fpv4-sp/hard/crti.o
LOAD c:/ac6/systemworkbench/plugins/fr.ac6.mcu.externaltools.arm-none.win32_1.15.0.201708311556/tools/compiler/bin/../lib/gcc/arm-none-eabi/6.3.1/thumb/v7e-m/fpv4-sp/hard/crtbegin.o
LOAD c:/ac6/systemworkbench/plugins/fr.ac6.mcu.externaltools.arm-none.win32_1.15.0.201708311556/tools/compiler/bin/../lib/gcc/arm-none-eabi/6.3.1/../../../../arm-none-eabi/lib/thumb/v7e-m/fpv4-sp/hard/crt0.o
LOAD STM32F4xx_StdPeriph_Driver/src/misc.o
LOAD STM32F4xx_StdPeriph_Driver/src/stm32f4xx_adc.o
LOAD STM32F4xx_StdPeriph_Driver/src/stm32f4xx_can.o
LOAD STM32F4xx_StdPeriph_Driver/src/stm32f4xx_crc.o
LOAD STM32F4xx_StdPeriph_Driver/src/stm32f4xx_cryp.o
LOAD STM32F4xx_StdPeriph_Driver/src/stm32f4xx_cryp_aes.o
LOAD STM32F4xx_StdPeriph_Driver/src/stm32f4xx_cryp_des.o
LOAD STM32F4xx_StdPeriph_Driver/src/stm32f4xx_cryp_tdes.o
LOAD STM32F4xx_StdPeriph_Driver/src/stm32f4xx_dac.o
LOAD STM32F4xx_StdPeriph_Driver/src/stm32f4xx_dbgmcu.o
LOAD STM32F4xx_StdPeriph_Driver/src/stm32f4xx_dcmi.o
LOAD STM32F4xx_StdPeriph_Driver/src/stm32f4xx_dma.o
LOAD STM32F4xx_StdPeriph_Driver/src/stm32f4xx_exti.o
LOAD STM32F4xx_StdPeriph_Driver/src/stm32f4xx_flash.o
LOAD STM32F4xx_StdPeriph_Driver/src/stm32f4xx_fsmc.o
LOAD STM32F4xx_StdPeriph_Driver/src/stm32f4xx_gpio.o
LOAD STM32F4xx_StdPeriph_Driver/src/stm32f4xx_hash.o
LOAD STM32F4xx_StdPeriph_Driver/src/stm32f4xx_hash_md5.o
LOAD STM32F4xx_StdPeriph_Driver/src/stm32f4xx_hash_sha1.o
LOAD STM32F4xx_StdPeriph_Driver/src/stm32f4xx_i2c.o
LOAD STM32F4xx_StdPeriph_Driver/src/stm32f4xx_iwdg.o
LOAD STM32F4xx_StdPeriph_Driver/src/stm32f4xx_pwr.o
LOAD STM32F4xx_StdPeriph_Driver/src/stm32f4xx_rcc.o
LOAD STM32F4xx_StdPeriph_Driver/src/stm32f4xx_rng.o
LOAD STM32F4xx_StdPeriph_Driver/src/stm32f4xx_rtc.o
LOAD STM32F4xx_StdPeriph_Driver/src/stm32f4xx_sdio.o
LOAD STM32F4xx_StdPeriph_Driver/src/stm32f4xx_spi.o
LOAD STM32F4xx_StdPeriph_Driver/src/stm32f4xx_syscfg.o
LOAD STM32F4xx_StdPeriph_Driver/src/stm32f4xx_tim.o
LOAD STM32F4xx_StdPeriph_Driver/src/stm32f4xx_usart.o
LOAD STM32F4xx_StdPeriph_Driver/src/stm32f4xx_wwdg.o
LOAD Utilities/FatFs_vR0.08a/diskio.o
LOAD Utilities/FatFs_vR0.08a/ff.o
LOAD Utilities/STM32F4-Discovery/fonts.o
LOAD Utilities/STM32F4-Discovery/lcd_log.o
LOAD Utilities/STM32F4-Discovery/stm32f4_discovery.o
LOAD Utilities/STM32F4-Discovery/stm32f4_discovery_audio_codec.o
LOAD Utilities/STM32F4-Discovery/stm32f4_discovery_debug.o
LOAD Utilities/STM32F4-Discovery/stm32f4_discovery_lcd.o
LOAD Utilities/STM32F4-Discovery/stm32f4_discovery_lis302dl.o
LOAD Utilities/STM32F4-Discovery/stm32f4_discovery_sdio_sd.o
LOAD src/USARTprint.o
LOAD src/bmp.o
LOAD src/dcmi_ov9655.o
LOAD src/main.o
LOAD src/stm32f4xx_it.o
LOAD src/system_stm32f4xx.o
LOAD startup/startup_stm32.o
LOAD startup/sysmem.o
LOAD c:/ac6/systemworkbench/plugins/fr.ac6.mcu.externaltools.arm-none.win32_1.15.0.201708311556/tools/compiler/bin/../lib/gcc/arm-none-eabi/6.3.1/../../../../arm-none-eabi/lib/thumb/v7e-m/fpv4-sp/hard\libm.a
START GROUP
LOAD c:/ac6/systemworkbench/plugins/fr.ac6.mcu.externaltools.arm-none.win32_1.15.0.201708311556/tools/compiler/bin/../lib/gcc/arm-none-eabi/6.3.1/thumb/v7e-m/fpv4-sp/hard\libgcc.a
LOAD c:/ac6/systemworkbench/plugins/fr.ac6.mcu.externaltools.arm-none.win32_1.15.0.201708311556/tools/compiler/bin/../lib/gcc/arm-none-eabi/6.3.1/../../../../arm-none-eabi/lib/thumb/v7e-m/fpv4-sp/hard\libc.a
END GROUP
LOAD c:/ac6/systemworkbench/plugins/fr.ac6.mcu.externaltools.arm-none.win32_1.15.0.201708311556/tools/compiler/bin/../lib/gcc/arm-none-eabi/6.3.1/thumb/v7e-m/fpv4-sp/hard/crtend.o
LOAD c:/ac6/systemworkbench/plugins/fr.ac6.mcu.externaltools.arm-none.win32_1.15.0.201708311556/tools/compiler/bin/../lib/gcc/arm-none-eabi/6.3.1/thumb/v7e-m/fpv4-sp/hard/crtn.o
                0x20020000                _estack = 0x20020000
                0x00000000                _Min_Heap_Size = 0x0
                0x00000400                _Min_Stack_Size = 0x400

.isr_vector     0x08000000      0x1a8
                0x08000000                . = ALIGN (0x4)
 *(.isr_vector)
 .isr_vector    0x08000000      0x1a8 startup/startup_stm32.o
                0x08000000                g_pfnVectors
                0x080001a8                . = ALIGN (0x4)

.text           0x080001c0     0xbc78
                0x080001c0                . = ALIGN (0x4)
 *(.text)
 .text          0x080001c0       0x6c c:/ac6/systemworkbench/plugins/fr.ac6.mcu.externaltools.arm-none.win32_1.15.0.201708311556/tools/compiler/bin/../lib/gcc/arm-none-eabi/6.3.1/thumb/v7e-m/fpv4-sp/hard/crtbegin.o
 .text          0x0800022c      0x370 c:/ac6/systemworkbench/plugins/fr.ac6.mcu.externaltools.arm-none.win32_1.15.0.201708311556/tools/compiler/bin/../lib/gcc/arm-none-eabi/6.3.1/thumb/v7e-m/fpv4-sp/hard\libgcc.a(_arm_addsubdf3.o)
                0x0800022c                __aeabi_drsub
                0x08000234                __aeabi_dsub
                0x08000234                __subdf3
                0x08000238                __aeabi_dadd
                0x08000238                __adddf3
                0x080004b0                __floatunsidf
                0x080004b0                __aeabi_ui2d
                0x080004d0                __floatsidf
                0x080004d0                __aeabi_i2d
                0x080004f4                __aeabi_f2d
                0x080004f4                __extendsfdf2
                0x08000530                __floatundidf
                0x08000530                __aeabi_ul2d
                0x08000540                __floatdidf
                0x08000540                __aeabi_l2d
 .text          0x0800059c      0x110 c:/ac6/systemworkbench/plugins/fr.ac6.mcu.externaltools.arm-none.win32_1.15.0.201708311556/tools/compiler/bin/../lib/gcc/arm-none-eabi/6.3.1/thumb/v7e-m/fpv4-sp/hard\libgcc.a(_arm_cmpdf2.o)
                0x0800059c                __gtdf2
                0x0800059c                __gedf2
                0x080005a4                __ltdf2
                0x080005a4                __ledf2
                0x080005ac                __nedf2
                0x080005ac                __eqdf2
                0x080005ac                __cmpdf2
                0x08000628                __aeabi_cdrcmple
                0x08000638                __aeabi_cdcmpeq
                0x08000638                __aeabi_cdcmple
                0x08000648                __aeabi_dcmpeq
                0x0800065c                __aeabi_dcmplt
                0x08000670                __aeabi_dcmple
                0x08000684                __aeabi_dcmpge
                0x08000698                __aeabi_dcmpgt
 *fill*         0x080006ac        0x4 
 .text          0x080006b0       0xa0 c:/ac6/systemworkbench/plugins/fr.ac6.mcu.externaltools.arm-none.win32_1.15.0.201708311556/tools/compiler/bin/../lib/gcc/arm-none-eabi/6.3.1/../../../../arm-none-eabi/lib/thumb/v7e-m/fpv4-sp/hard\libc.a(lib_a-memchr.o)
                0x080006b0                memchr
 .text          0x08000750      0x134 c:/ac6/systemworkbench/plugins/fr.ac6.mcu.externaltools.arm-none.win32_1.15.0.201708311556/tools/compiler/bin/../lib/gcc/arm-none-eabi/6.3.1/../../../../arm-none-eabi/lib/thumb/v7e-m/fpv4-sp/hard\libc.a(lib_a-memcpy.o)
                0x08000750                memcpy
 *fill*         0x08000884       0x3c 
 .text          0x080008c0       0xdc c:/ac6/systemworkbench/plugins/fr.ac6.mcu.externaltools.arm-none.win32_1.15.0.201708311556/tools/compiler/bin/../lib/gcc/arm-none-eabi/6.3.1/../../../../arm-none-eabi/lib/thumb/v7e-m/fpv4-sp/hard\libc.a(lib_a-strlen.o)
                0x080008c0                strlen
 .text          0x0800099c      0x424 c:/ac6/systemworkbench/plugins/fr.ac6.mcu.externaltools.arm-none.win32_1.15.0.201708311556/tools/compiler/bin/../lib/gcc/arm-none-eabi/6.3.1/thumb/v7e-m/fpv4-sp/hard\libgcc.a(_arm_muldivdf3.o)
                0x0800099c                __aeabi_dmul
                0x0800099c                __muldf3
                0x08000bf0                __divdf3
                0x08000bf0                __aeabi_ddiv
 .text          0x08000dc0       0x2c c:/ac6/systemworkbench/plugins/fr.ac6.mcu.externaltools.arm-none.win32_1.15.0.201708311556/tools/compiler/bin/../lib/gcc/arm-none-eabi/6.3.1/thumb/v7e-m/fpv4-sp/hard\libgcc.a(_arm_unorddf2.o)
                0x08000dc0                __unorddf2
                0x08000dc0                __aeabi_dcmpun
 .text          0x08000dec       0x50 c:/ac6/systemworkbench/plugins/fr.ac6.mcu.externaltools.arm-none.win32_1.15.0.201708311556/tools/compiler/bin/../lib/gcc/arm-none-eabi/6.3.1/thumb/v7e-m/fpv4-sp/hard\libgcc.a(_arm_fixdfsi.o)
                0x08000dec                __aeabi_d2iz
                0x08000dec                __fixdfsi
 .text          0x08000e3c       0x30 c:/ac6/systemworkbench/plugins/fr.ac6.mcu.externaltools.arm-none.win32_1.15.0.201708311556/tools/compiler/bin/../lib/gcc/arm-none-eabi/6.3.1/thumb/v7e-m/fpv4-sp/hard\libgcc.a(_aeabi_uldivmod.o)
                0x08000e3c                __aeabi_uldivmod
 .text          0x08000e6c      0x2dc c:/ac6/systemworkbench/plugins/fr.ac6.mcu.externaltools.arm-none.win32_1.15.0.201708311556/tools/compiler/bin/../lib/gcc/arm-none-eabi/6.3.1/thumb/v7e-m/fpv4-sp/hard\libgcc.a(_udivmoddi4.o)
                0x08000e6c                __udivmoddi4
 .text          0x08001148        0x4 c:/ac6/systemworkbench/plugins/fr.ac6.mcu.externaltools.arm-none.win32_1.15.0.201708311556/tools/compiler/bin/../lib/gcc/arm-none-eabi/6.3.1/thumb/v7e-m/fpv4-sp/hard\libgcc.a(_dvmd_tls.o)
                0x08001148                __aeabi_idiv0
                0x08001148                __aeabi_ldiv0
 *(.text*)
 .text.NVIC_PriorityGroupConfig
                0x0800114c       0x28 STM32F4xx_StdPeriph_Driver/src/misc.o
                0x0800114c                NVIC_PriorityGroupConfig
 .text.NVIC_Init
                0x08001174       0xc4 STM32F4xx_StdPeriph_Driver/src/misc.o
                0x08001174                NVIC_Init
 .text.DCMI_Init
                0x08001238       0x80 STM32F4xx_StdPeriph_Driver/src/stm32f4xx_dcmi.o
                0x08001238                DCMI_Init
 .text.DCMI_Cmd
                0x080012b8       0x3c STM32F4xx_StdPeriph_Driver/src/stm32f4xx_dcmi.o
                0x080012b8                DCMI_Cmd
 .text.DCMI_CaptureCmd
                0x080012f4       0x3c STM32F4xx_StdPeriph_Driver/src/stm32f4xx_dcmi.o
                0x080012f4                DCMI_CaptureCmd
 .text.DMA_DeInit
                0x08001330      0x1a8 STM32F4xx_StdPeriph_Driver/src/stm32f4xx_dma.o
                0x08001330                DMA_DeInit
 .text.DMA_Init
                0x080014d8       0xb0 STM32F4xx_StdPeriph_Driver/src/stm32f4xx_dma.o
                0x080014d8                DMA_Init
 .text.DMA_Cmd  0x08001588       0x38 STM32F4xx_StdPeriph_Driver/src/stm32f4xx_dma.o
                0x08001588                DMA_Cmd
 .text.DMA_FlowControllerConfig
                0x080015c0       0x36 STM32F4xx_StdPeriph_Driver/src/stm32f4xx_dma.o
                0x080015c0                DMA_FlowControllerConfig
 *fill*         0x080015f6        0x2 
 .text.DMA_ClearFlag
                0x080015f8       0x5c STM32F4xx_StdPeriph_Driver/src/stm32f4xx_dma.o
                0x080015f8                DMA_ClearFlag
 .text.DMA_ITConfig
                0x08001654       0x74 STM32F4xx_StdPeriph_Driver/src/stm32f4xx_dma.o
                0x08001654                DMA_ITConfig
 .text.EXTI_Init
                0x080016c8       0xe4 STM32F4xx_StdPeriph_Driver/src/stm32f4xx_exti.o
                0x080016c8                EXTI_Init
 .text.EXTI_GetITStatus
                0x080017ac       0x48 STM32F4xx_StdPeriph_Driver/src/stm32f4xx_exti.o
                0x080017ac                EXTI_GetITStatus
 .text.EXTI_ClearITPendingBit
                0x080017f4       0x20 STM32F4xx_StdPeriph_Driver/src/stm32f4xx_exti.o
                0x080017f4                EXTI_ClearITPendingBit
 .text.FSMC_NORSRAMInit
                0x08001814      0x138 STM32F4xx_StdPeriph_Driver/src/stm32f4xx_fsmc.o
                0x08001814                FSMC_NORSRAMInit
 .text.FSMC_NORSRAMCmd
                0x0800194c       0x54 STM32F4xx_StdPeriph_Driver/src/stm32f4xx_fsmc.o
                0x0800194c                FSMC_NORSRAMCmd
 .text.GPIO_Init
                0x080019a0      0x11c STM32F4xx_StdPeriph_Driver/src/stm32f4xx_gpio.o
                0x080019a0                GPIO_Init
 .text.GPIO_ReadInputDataBit
                0x08001abc       0x34 STM32F4xx_StdPeriph_Driver/src/stm32f4xx_gpio.o
                0x08001abc                GPIO_ReadInputDataBit
 .text.GPIO_SetBits
                0x08001af0       0x1e STM32F4xx_StdPeriph_Driver/src/stm32f4xx_gpio.o
                0x08001af0                GPIO_SetBits
 .text.GPIO_ResetBits
                0x08001b0e       0x1e STM32F4xx_StdPeriph_Driver/src/stm32f4xx_gpio.o
                0x08001b0e                GPIO_ResetBits
 .text.GPIO_PinAFConfig
                0x08001b2c       0x92 STM32F4xx_StdPeriph_Driver/src/stm32f4xx_gpio.o
                0x08001b2c                GPIO_PinAFConfig
 *fill*         0x08001bbe        0x2 
 .text.I2C_DeInit
                0x08001bc0       0x74 STM32F4xx_StdPeriph_Driver/src/stm32f4xx_i2c.o
                0x08001bc0                I2C_DeInit
 .text.I2C_Init
                0x08001c34      0x184 STM32F4xx_StdPeriph_Driver/src/stm32f4xx_i2c.o
                0x08001c34                I2C_Init
 .text.I2C_Cmd  0x08001db8       0x40 STM32F4xx_StdPeriph_Driver/src/stm32f4xx_i2c.o
                0x08001db8                I2C_Cmd
 .text.I2C_GenerateSTART
                0x08001df8       0x40 STM32F4xx_StdPeriph_Driver/src/stm32f4xx_i2c.o
                0x08001df8                I2C_GenerateSTART
 .text.I2C_GenerateSTOP
                0x08001e38       0x40 STM32F4xx_StdPeriph_Driver/src/stm32f4xx_i2c.o
                0x08001e38                I2C_GenerateSTOP
 .text.I2C_Send7bitAddress
                0x08001e78       0x3c STM32F4xx_StdPeriph_Driver/src/stm32f4xx_i2c.o
                0x08001e78                I2C_Send7bitAddress
 .text.I2C_SendData
                0x08001eb4       0x20 STM32F4xx_StdPeriph_Driver/src/stm32f4xx_i2c.o
                0x08001eb4                I2C_SendData
 .text.I2C_CheckEvent
                0x08001ed4       0x60 STM32F4xx_StdPeriph_Driver/src/stm32f4xx_i2c.o
                0x08001ed4                I2C_CheckEvent
 .text.RCC_GetClocksFreq
                0x08001f34      0x150 STM32F4xx_StdPeriph_Driver/src/stm32f4xx_rcc.o
                0x08001f34                RCC_GetClocksFreq
 .text.RCC_AHB1PeriphClockCmd
                0x08002084       0x40 STM32F4xx_StdPeriph_Driver/src/stm32f4xx_rcc.o
                0x08002084                RCC_AHB1PeriphClockCmd
 .text.RCC_AHB2PeriphClockCmd
                0x080020c4       0x40 STM32F4xx_StdPeriph_Driver/src/stm32f4xx_rcc.o
                0x080020c4                RCC_AHB2PeriphClockCmd
 .text.RCC_AHB3PeriphClockCmd
                0x08002104       0x40 STM32F4xx_StdPeriph_Driver/src/stm32f4xx_rcc.o
                0x08002104                RCC_AHB3PeriphClockCmd
 .text.RCC_APB1PeriphClockCmd
                0x08002144       0x40 STM32F4xx_StdPeriph_Driver/src/stm32f4xx_rcc.o
                0x08002144                RCC_APB1PeriphClockCmd
 .text.RCC_APB2PeriphClockCmd
                0x08002184       0x40 STM32F4xx_StdPeriph_Driver/src/stm32f4xx_rcc.o
                0x08002184                RCC_APB2PeriphClockCmd
 .text.RCC_APB1PeriphResetCmd
                0x080021c4       0x40 STM32F4xx_StdPeriph_Driver/src/stm32f4xx_rcc.o
                0x080021c4                RCC_APB1PeriphResetCmd
 .text.RCC_APB2PeriphResetCmd
                0x08002204       0x40 STM32F4xx_StdPeriph_Driver/src/stm32f4xx_rcc.o
                0x08002204                RCC_APB2PeriphResetCmd
 .text.SDIO_DeInit
                0x08002244       0x1c STM32F4xx_StdPeriph_Driver/src/stm32f4xx_sdio.o
                0x08002244                SDIO_DeInit
 .text.SDIO_Init
                0x08002260       0x60 STM32F4xx_StdPeriph_Driver/src/stm32f4xx_sdio.o
                0x08002260                SDIO_Init
 .text.SDIO_ClockCmd
                0x080022c0       0x20 STM32F4xx_StdPeriph_Driver/src/stm32f4xx_sdio.o
                0x080022c0                SDIO_ClockCmd
 .text.SDIO_SetPowerState
                0x080022e0       0x20 STM32F4xx_StdPeriph_Driver/src/stm32f4xx_sdio.o
                0x080022e0                SDIO_SetPowerState
 .text.SDIO_GetPowerState
                0x08002300       0x1c STM32F4xx_StdPeriph_Driver/src/stm32f4xx_sdio.o
                0x08002300                SDIO_GetPowerState
 .text.SDIO_SendCommand
                0x0800231c       0x58 STM32F4xx_StdPeriph_Driver/src/stm32f4xx_sdio.o
                0x0800231c                SDIO_SendCommand
 .text.SDIO_GetCommandResponse
                0x08002374       0x18 STM32F4xx_StdPeriph_Driver/src/stm32f4xx_sdio.o
                0x08002374                SDIO_GetCommandResponse
 .text.SDIO_GetResponse
                0x0800238c       0x28 STM32F4xx_StdPeriph_Driver/src/stm32f4xx_sdio.o
                0x0800238c                SDIO_GetResponse
 .text.SDIO_DataConfig
                0x080023b4       0x5c STM32F4xx_StdPeriph_Driver/src/stm32f4xx_sdio.o
                0x080023b4                SDIO_DataConfig
 .text.SDIO_ReadData
                0x08002410       0x18 STM32F4xx_StdPeriph_Driver/src/stm32f4xx_sdio.o
                0x08002410                SDIO_ReadData
 .text.SDIO_DMACmd
                0x08002428       0x20 STM32F4xx_StdPeriph_Driver/src/stm32f4xx_sdio.o
                0x08002428                SDIO_DMACmd
 .text.SDIO_ITConfig
                0x08002448       0x40 STM32F4xx_StdPeriph_Driver/src/stm32f4xx_sdio.o
                0x08002448                SDIO_ITConfig
 .text.SDIO_GetFlagStatus
                0x08002488       0x34 STM32F4xx_StdPeriph_Driver/src/stm32f4xx_sdio.o
                0x08002488                SDIO_GetFlagStatus
 .text.SDIO_ClearFlag
                0x080024bc       0x20 STM32F4xx_StdPeriph_Driver/src/stm32f4xx_sdio.o
                0x080024bc                SDIO_ClearFlag
 .text.SDIO_GetITStatus
                0x080024dc       0x34 STM32F4xx_StdPeriph_Driver/src/stm32f4xx_sdio.o
                0x080024dc                SDIO_GetITStatus
 .text.SDIO_ClearITPendingBit
                0x08002510       0x20 STM32F4xx_StdPeriph_Driver/src/stm32f4xx_sdio.o
                0x08002510                SDIO_ClearITPendingBit
 .text.SYSCFG_EXTILineConfig
                0x08002530       0x84 STM32F4xx_StdPeriph_Driver/src/stm32f4xx_syscfg.o
                0x08002530                SYSCFG_EXTILineConfig
 .text.USART_Init
                0x080025b4      0x174 STM32F4xx_StdPeriph_Driver/src/stm32f4xx_usart.o
                0x080025b4                USART_Init
 .text.USART_Cmd
                0x08002728       0x40 STM32F4xx_StdPeriph_Driver/src/stm32f4xx_usart.o
                0x08002728                USART_Cmd
 .text.USART_SendData
                0x08002768       0x24 STM32F4xx_StdPeriph_Driver/src/stm32f4xx_usart.o
                0x08002768                USART_SendData
 .text.USART_ITConfig
                0x0800278c       0x90 STM32F4xx_StdPeriph_Driver/src/stm32f4xx_usart.o
                0x0800278c                USART_ITConfig
 .text.USART_GetITStatus
                0x0800281c       0xb6 STM32F4xx_StdPeriph_Driver/src/stm32f4xx_usart.o
                0x0800281c                USART_GetITStatus
 .text.disk_initialize
                0x080028d2       0x4c Utilities/FatFs_vR0.08a/diskio.o
                0x080028d2                disk_initialize
 .text.disk_status
                0x0800291e       0x22 Utilities/FatFs_vR0.08a/diskio.o
                0x0800291e                disk_status
 .text.disk_read
                0x08002940       0x50 Utilities/FatFs_vR0.08a/diskio.o
                0x08002940                disk_read
 .text.disk_write
                0x08002990       0x50 Utilities/FatFs_vR0.08a/diskio.o
                0x08002990                disk_write
 .text.get_fattime
                0x080029e0       0x14 Utilities/FatFs_vR0.08a/diskio.o
                0x080029e0                get_fattime
 .text.disk_ioctl
                0x080029f4       0x56 Utilities/FatFs_vR0.08a/diskio.o
                0x080029f4                disk_ioctl
 .text.mem_cpy  0x08002a4a       0x3c Utilities/FatFs_vR0.08a/ff.o
 .text.mem_set  0x08002a86       0x34 Utilities/FatFs_vR0.08a/ff.o
 .text.mem_cmp  0x08002aba       0x4e Utilities/FatFs_vR0.08a/ff.o
 .text.chk_chr  0x08002b08       0x36 Utilities/FatFs_vR0.08a/ff.o
 .text.move_window
                0x08002b3e       0xb4 Utilities/FatFs_vR0.08a/ff.o
 .text.sync     0x08002bf2      0x142 Utilities/FatFs_vR0.08a/ff.o
 .text.clust2sect
                0x08002d34       0x3e Utilities/FatFs_vR0.08a/ff.o
                0x08002d34                clust2sect
 .text.get_fat  0x08002d72      0x15e Utilities/FatFs_vR0.08a/ff.o
                0x08002d72                get_fat
 .text.put_fat  0x08002ed0      0x200 Utilities/FatFs_vR0.08a/ff.o
                0x08002ed0                put_fat
 .text.remove_chain
                0x080030d0       0x9e Utilities/FatFs_vR0.08a/ff.o
 .text.create_chain
                0x0800316e      0x112 Utilities/FatFs_vR0.08a/ff.o
 .text.dir_sdi  0x08003280      0x104 Utilities/FatFs_vR0.08a/ff.o
 .text.dir_next
                0x08003384      0x1a8 Utilities/FatFs_vR0.08a/ff.o
 .text.dir_find
                0x0800352c       0x96 Utilities/FatFs_vR0.08a/ff.o
 .text.dir_register
                0x080035c2       0xae Utilities/FatFs_vR0.08a/ff.o
 .text.create_name
                0x08003670      0x218 Utilities/FatFs_vR0.08a/ff.o
 .text.follow_path
                0x08003888       0xfa Utilities/FatFs_vR0.08a/ff.o
 *fill*         0x08003982        0x2 
 .text.check_fs
                0x08003984       0xcc Utilities/FatFs_vR0.08a/ff.o
 .text.chk_mounted
                0x08003a50      0x520 Utilities/FatFs_vR0.08a/ff.o
 .text.validate
                0x08003f70       0x4a Utilities/FatFs_vR0.08a/ff.o
 *fill*         0x08003fba        0x2 
 .text.f_mount  0x08003fbc       0x54 Utilities/FatFs_vR0.08a/ff.o
                0x08003fbc                f_mount
 .text.f_open   0x08004010      0x2da Utilities/FatFs_vR0.08a/ff.o
                0x08004010                f_open
 .text.f_read   0x080042ea      0x2b0 Utilities/FatFs_vR0.08a/ff.o
                0x080042ea                f_read
 .text.f_write  0x0800459a      0x30c Utilities/FatFs_vR0.08a/ff.o
                0x0800459a                f_write
 .text.f_sync   0x080048a6      0x17e Utilities/FatFs_vR0.08a/ff.o
                0x080048a6                f_sync
 .text.f_close  0x08004a24       0x28 Utilities/FatFs_vR0.08a/ff.o
                0x08004a24                f_close
 .text.SD_LowLevel_Init
                0x08004a4c       0xcc Utilities/STM32F4-Discovery/stm32f4_discovery.o
                0x08004a4c                SD_LowLevel_Init
 .text.SD_LowLevel_DMA_TxConfig
                0x08004b18       0xa4 Utilities/STM32F4-Discovery/stm32f4_discovery.o
                0x08004b18                SD_LowLevel_DMA_TxConfig
 .text.SD_LowLevel_DMA_RxConfig
                0x08004bbc       0xa4 Utilities/STM32F4-Discovery/stm32f4_discovery.o
                0x08004bbc                SD_LowLevel_DMA_RxConfig
 .text.Audio_MAL_IRQHandler
                0x08004c60        0xe Utilities/STM32F4-Discovery/stm32f4_discovery_audio_codec.o
 .text.DMA1_Stream7_IRQHandler
                0x08004c6e        0xc Utilities/STM32F4-Discovery/stm32f4_discovery_audio_codec.o
                0x08004c6e                DMA1_Stream7_IRQHandler
 .text.DMA1_Stream0_IRQHandler
                0x08004c7a        0xc Utilities/STM32F4-Discovery/stm32f4_discovery_audio_codec.o
                0x08004c7a                DMA1_Stream0_IRQHandler
 *fill*         0x08004c86        0x2 
 .text.LCD_CtrlLinesConfig
                0x08004c88      0x17c Utilities/STM32F4-Discovery/stm32f4_discovery_lcd.o
                0x08004c88                LCD_CtrlLinesConfig
 .text.LCD_FSMCConfig
                0x08004e04       0x82 Utilities/STM32F4-Discovery/stm32f4_discovery_lcd.o
                0x08004e04                LCD_FSMCConfig
 *fill*         0x08004e86        0x2 
 .text.STM32f4_Discovery_LCD_Init
                0x08004e88      0x174 Utilities/STM32F4-Discovery/stm32f4_discovery_lcd.o
                0x08004e88                STM32f4_Discovery_LCD_Init
 .text.LCD_SetCursor
                0x08004ffc       0x2c Utilities/STM32F4-Discovery/stm32f4_discovery_lcd.o
                0x08004ffc                LCD_SetCursor
 .text.LCD_WriteReg
                0x08005028       0x30 Utilities/STM32F4-Discovery/stm32f4_discovery_lcd.o
                0x08005028                LCD_WriteReg
 .text.LCD_WriteRAM_Prepare
                0x08005058       0x16 Utilities/STM32F4-Discovery/stm32f4_discovery_lcd.o
                0x08005058                LCD_WriteRAM_Prepare
 *fill*         0x0800506e        0x2 
 .text.LCD_WriteRAM
                0x08005070       0x20 Utilities/STM32F4-Discovery/stm32f4_discovery_lcd.o
                0x08005070                LCD_WriteRAM
 .text.LCD_SetTextColor
                0x08005090       0x24 Utilities/STM32F4-Discovery/stm32f4_discovery_lcd.o
                0x08005090                LCD_SetTextColor
 .text.LCD_SetFont
                0x080050b4       0x20 Utilities/STM32F4-Discovery/stm32f4_discovery_lcd.o
                0x080050b4                LCD_SetFont
 .text.LCD_GetFont
                0x080050d4       0x18 Utilities/STM32F4-Discovery/stm32f4_discovery_lcd.o
                0x080050d4                LCD_GetFont
 .text.LCD_Clear
                0x080050ec       0x40 Utilities/STM32F4-Discovery/stm32f4_discovery_lcd.o
                0x080050ec                LCD_Clear
 .text.LCD_DrawChar
                0x0800512c      0x104 Utilities/STM32F4-Discovery/stm32f4_discovery_lcd.o
                0x0800512c                LCD_DrawChar
 .text.LCD_DisplayChar
                0x08005230       0x44 Utilities/STM32F4-Discovery/stm32f4_discovery_lcd.o
                0x08005230                LCD_DisplayChar
 .text.LCD_DisplayStringLine
                0x08005274       0x54 Utilities/STM32F4-Discovery/stm32f4_discovery_lcd.o
                0x08005274                LCD_DisplayStringLine
 .text.LCD_SetDisplayWindow
                0x080052c8       0x98 Utilities/STM32F4-Discovery/stm32f4_discovery_lcd.o
                0x080052c8                LCD_SetDisplayWindow
 .text.delay    0x08005360       0x32 Utilities/STM32F4-Discovery/stm32f4_discovery_lcd.o
 *fill*         0x08005392        0x2 
 .text.SD_Init  0x08005394       0xb4 Utilities/STM32F4-Discovery/stm32f4_discovery_sdio_sd.o
                0x08005394                SD_Init
 .text.SD_GetStatus
                0x08005448       0x30 Utilities/STM32F4-Discovery/stm32f4_discovery_sdio_sd.o
                0x08005448                SD_GetStatus
 .text.SD_GetState
                0x08005478       0x3e Utilities/STM32F4-Discovery/stm32f4_discovery_sdio_sd.o
                0x08005478                SD_GetState
 *fill*         0x080054b6        0x2 
 .text.SD_Detect
                0x080054b8       0x30 Utilities/STM32F4-Discovery/stm32f4_discovery_sdio_sd.o
                0x080054b8                SD_Detect
 .text.SD_PowerON
                0x080054e8      0x22c Utilities/STM32F4-Discovery/stm32f4_discovery_sdio_sd.o
                0x080054e8                SD_PowerON
 .text.SD_InitializeCards
                0x08005714      0x18c Utilities/STM32F4-Discovery/stm32f4_discovery_sdio_sd.o
                0x08005714                SD_InitializeCards
 .text.SD_GetCardInfo
                0x080058a0      0x53c Utilities/STM32F4-Discovery/stm32f4_discovery_sdio_sd.o
                0x080058a0                SD_GetCardInfo
 .text.SD_EnableWideBusOperation
                0x08005ddc       0xd8 Utilities/STM32F4-Discovery/stm32f4_discovery_sdio_sd.o
                0x08005ddc                SD_EnableWideBusOperation
 .text.SD_SelectDeselect
                0x08005eb4       0x4c Utilities/STM32F4-Discovery/stm32f4_discovery_sdio_sd.o
                0x08005eb4                SD_SelectDeselect
 .text.SD_ReadMultiBlocks
                0x08005f00      0x12c Utilities/STM32F4-Discovery/stm32f4_discovery_sdio_sd.o
                0x08005f00                SD_ReadMultiBlocks
 .text.SD_WaitReadOperation
                0x0800602c       0xb8 Utilities/STM32F4-Discovery/stm32f4_discovery_sdio_sd.o
                0x0800602c                SD_WaitReadOperation
 .text.SD_WriteMultiBlocks
                0x080060e4      0x1a8 Utilities/STM32F4-Discovery/stm32f4_discovery_sdio_sd.o
                0x080060e4                SD_WriteMultiBlocks
 .text.SD_WaitWriteOperation
                0x0800628c       0xb8 Utilities/STM32F4-Discovery/stm32f4_discovery_sdio_sd.o
                0x0800628c                SD_WaitWriteOperation
 .text.SD_StopTransfer
                0x08006344       0x48 Utilities/STM32F4-Discovery/stm32f4_discovery_sdio_sd.o
                0x08006344                SD_StopTransfer
 .text.SD_SendStatus
                0x0800638c       0x78 Utilities/STM32F4-Discovery/stm32f4_discovery_sdio_sd.o
                0x0800638c                SD_SendStatus
 .text.SD_ProcessIRQSrc
                0x08006404       0xc8 Utilities/STM32F4-Discovery/stm32f4_discovery_sdio_sd.o
                0x08006404                SD_ProcessIRQSrc
 .text.SD_ProcessDMAIRQ
                0x080064cc       0x30 Utilities/STM32F4-Discovery/stm32f4_discovery_sdio_sd.o
                0x080064cc                SD_ProcessDMAIRQ
 .text.CmdError
                0x080064fc       0x4a Utilities/STM32F4-Discovery/stm32f4_discovery_sdio_sd.o
 *fill*         0x08006546        0x2 
 .text.CmdResp7Error
                0x08006548       0x78 Utilities/STM32F4-Discovery/stm32f4_discovery_sdio_sd.o
 .text.CmdResp1Error
                0x080065c0      0x1a4 Utilities/STM32F4-Discovery/stm32f4_discovery_sdio_sd.o
 .text.CmdResp3Error
                0x08006764       0x50 Utilities/STM32F4-Discovery/stm32f4_discovery_sdio_sd.o
 .text.CmdResp2Error
                0x080067b4       0x68 Utilities/STM32F4-Discovery/stm32f4_discovery_sdio_sd.o
 .text.CmdResp6Error
                0x0800681c       0xd0 Utilities/STM32F4-Discovery/stm32f4_discovery_sdio_sd.o
 .text.SDEnWideBus
                0x080068ec      0x180 Utilities/STM32F4-Discovery/stm32f4_discovery_sdio_sd.o
 .text.FindSCR  0x08006a6c      0x204 Utilities/STM32F4-Discovery/stm32f4_discovery_sdio_sd.o
 .text.init_USART2
                0x08006c70       0xb8 src/USARTprint.o
                0x08006c70                init_USART2
 .text.uPrint   0x08006d28       0x46 src/USARTprint.o
                0x08006d28                uPrint
 *fill*         0x08006d6e        0x2 
 .text.USART1_IRQHandler
                0x08006d70       0x68 src/USARTprint.o
                0x08006d70                USART1_IRQHandler
 .text.Capture_Image_TO_Bmp
                0x08006dd8      0x16c src/bmp.o
                0x08006dd8                Capture_Image_TO_Bmp
 .text.init_picture_count
                0x08006f44       0x18 src/bmp.o
                0x08006f44                init_picture_count
 .text.get_pic_count
                0x08006f5c       0xf0 src/bmp.o
 .text.set_pic_count
                0x0800704c       0xa0 src/bmp.o
 .text.DCMI_Control_IO_Init
                0x080070ec       0x7c src/dcmi_ov9655.o
                0x080070ec                DCMI_Control_IO_Init
 .text.DCMI_OV9655_QQVGASizeSetup
                0x08007168      0x94e src/dcmi_ov9655.o
                0x08007168                DCMI_OV9655_QQVGASizeSetup
 *fill*         0x08007ab6        0x2 
 .text.DCMI_SingleRandomWrite
                0x08007ab8       0xf4 src/dcmi_ov9655.o
                0x08007ab8                DCMI_SingleRandomWrite
 .text.NVIC_SetPriority
                0x08007bac       0x54 src/main.o
 .text.SysTick_Config
                0x08007c00       0x44 src/main.o
 .text.main     0x08007c44      0x1a0 src/main.o
                0x08007c44                main
 .text.DCMI_OV9655Config
                0x08007de4       0x48 src/main.o
                0x08007de4                DCMI_OV9655Config
 .text.I2C1_Config
                0x08007e2c       0x98 src/main.o
                0x08007e2c                I2C1_Config
 .text.DCMI_Config
                0x08007ec4      0x1a4 src/main.o
                0x08007ec4                DCMI_Config
 .text.EXTILine0_Config
                0x08008068       0x80 src/main.o
                0x08008068                EXTILine0_Config
 .text.Delay    0x080080e8       0x28 src/main.o
                0x080080e8                Delay
 .text.TimingDelay_Decrement
                0x08008110       0x24 src/main.o
                0x08008110                TimingDelay_Decrement
 .text.NMI_Handler
                0x08008134        0xe src/stm32f4xx_it.o
                0x08008134                NMI_Handler
 .text.HardFault_Handler
                0x08008142        0x6 src/stm32f4xx_it.o
                0x08008142                HardFault_Handler
 .text.MemManage_Handler
                0x08008148        0x6 src/stm32f4xx_it.o
                0x08008148                MemManage_Handler
 .text.BusFault_Handler
                0x0800814e        0x6 src/stm32f4xx_it.o
                0x0800814e                BusFault_Handler
 .text.UsageFault_Handler
                0x08008154        0x6 src/stm32f4xx_it.o
                0x08008154                UsageFault_Handler
 .text.SVC_Handler
                0x0800815a        0xe src/stm32f4xx_it.o
                0x0800815a                SVC_Handler
 .text.DebugMon_Handler
                0x08008168        0xe src/stm32f4xx_it.o
                0x08008168                DebugMon_Handler
 .text.PendSV_Handler
                0x08008176        0xe src/stm32f4xx_it.o
                0x08008176                PendSV_Handler
 .text.SysTick_Handler
                0x08008184        0xc src/stm32f4xx_it.o
                0x08008184                SysTick_Handler
 .text.SDIO_IRQHandler
                0x08008190        0xc src/stm32f4xx_it.o
                0x08008190                SDIO_IRQHandler
 .text.DMA2_Stream3_IRQHandler
                0x0800819c        0xc src/stm32f4xx_it.o
                0x0800819c                DMA2_Stream3_IRQHandler
 .text.EXTI0_IRQHandler
                0x080081a8       0x24 src/stm32f4xx_it.o
                0x080081a8                EXTI0_IRQHandler
 .text.SystemInit
                0x080081cc       0x6c src/system_stm32f4xx.o
                0x080081cc                SystemInit
 .text.SetSysClock
                0x08008238       0xf8 src/system_stm32f4xx.o
 .text.Reset_Handler
                0x08008330       0x50 startup/startup_stm32.o
                0x08008330                Reset_Handler
 .text.Default_Handler
                0x08008380        0x2 startup/startup_stm32.o
                0x08008380                RTC_Alarm_IRQHandler
                0x08008380                HASH_RNG_IRQHandler
                0x08008380                EXTI2_IRQHandler
                0x08008380                TIM8_CC_IRQHandler
                0x08008380                TIM1_CC_IRQHandler
                0x08008380                DMA2_Stream5_IRQHandler
                0x08008380                DMA1_Stream5_IRQHandler
                0x08008380                PVD_IRQHandler
                0x08008380                TAMP_STAMP_IRQHandler
                0x08008380                CAN2_RX1_IRQHandler
                0x08008380                EXTI3_IRQHandler
                0x08008380                TIM8_TRG_COM_TIM14_IRQHandler
                0x08008380                TIM1_UP_TIM10_IRQHandler
                0x08008380                TIM8_UP_TIM13_IRQHandler
                0x08008380                I2C3_ER_IRQHandler
                0x08008380                LCD_TFT_IRQHandler
                0x08008380                I2C2_EV_IRQHandler
                0x08008380                DMA1_Stream2_IRQHandler
                0x08008380                CAN1_RX0_IRQHandler
                0x08008380                FPU_IRQHandler
                0x08008380                OTG_HS_WKUP_IRQHandler
                0x08008380                CAN2_SCE_IRQHandler
                0x08008380                DMA2_Stream2_IRQHandler
                0x08008380                SPI1_IRQHandler
                0x08008380                TIM6_DAC_IRQHandler
                0x08008380                TIM1_BRK_TIM9_IRQHandler
                0x08008380                DCMI_IRQHandler
                0x08008380                CAN2_RX0_IRQHandler
                0x08008380                USART6_IRQHandler
                0x08008380                USART3_IRQHandler
                0x08008380                CRYP_IRQHandler
                0x08008380                CAN1_RX1_IRQHandler
                0x08008380                UART5_IRQHandler
                0x08008380                DMA2_Stream0_IRQHandler
                0x08008380                TIM4_IRQHandler
                0x08008380                I2C1_EV_IRQHandler
                0x08008380                DMA1_Stream6_IRQHandler
                0x08008380                DMA1_Stream1_IRQHandler
                0x08008380                UART4_IRQHandler
                0x08008380                LCD_TFT_1_IRQHandler
                0x08008380                TIM3_IRQHandler
                0x08008380                RCC_IRQHandler
                0x08008380                TIM8_BRK_TIM12_IRQHandler
                0x08008380                Default_Handler
                0x08008380                EXTI15_10_IRQHandler
                0x08008380                ADC_IRQHandler
                0x08008380                TIM7_IRQHandler
                0x08008380                CAN2_TX_IRQHandler
                0x08008380                TIM5_IRQHandler
                0x08008380                DMA2_Stream7_IRQHandler
                0x08008380                I2C3_EV_IRQHandler
                0x08008380                EXTI9_5_IRQHandler
                0x08008380                RTC_WKUP_IRQHandler
                0x08008380                ETH_WKUP_IRQHandler
                0x08008380                SPI2_IRQHandler
                0x08008380                OTG_HS_EP1_IN_IRQHandler
                0x08008380                CAN1_TX_IRQHandler
                0x08008380                EXTI4_IRQHandler
                0x08008380                FSMC_IRQHandler
                0x08008380                ETH_IRQHandler
                0x08008380                OTG_HS_EP1_OUT_IRQHandler
                0x08008380                WWDG_IRQHandler
                0x08008380                TIM2_IRQHandler
                0x08008380                OTG_FS_WKUP_IRQHandler
                0x08008380                TIM1_TRG_COM_TIM11_IRQHandler
                0x08008380                OTG_HS_IRQHandler
                0x08008380                EXTI1_IRQHandler
                0x08008380                USART2_IRQHandler
                0x08008380                I2C2_ER_IRQHandler
                0x08008380                DMA2_Stream1_IRQHandler
                0x08008380                CAN1_SCE_IRQHandler
                0x08008380                DMA2_Stream4_IRQHandler
                0x08008380                OTG_FS_IRQHandler
                0x08008380                SPI3_IRQHandler
                0x08008380                DMA1_Stream4_IRQHandler
                0x08008380                I2C1_ER_IRQHandler
                0x08008380                DMA2_Stream6_IRQHandler
                0x08008380                DMA1_Stream3_IRQHandler
 *fill*         0x08008382        0x2 
 .text._sbrk    0x08008384       0x58 startup/sysmem.o
                0x08008384                _sbrk
 .text.__errno  0x080083dc        0xc c:/ac6/systemworkbench/plugins/fr.ac6.mcu.externaltools.arm-none.win32_1.15.0.201708311556/tools/compiler/bin/../lib/gcc/arm-none-eabi/6.3.1/../../../../arm-none-eabi/lib/thumb/v7e-m/fpv4-sp/hard\libc.a(lib_a-errno.o)
                0x080083dc                __errno
 .text.__libc_init_array
                0x080083e8       0x50 c:/ac6/systemworkbench/plugins/fr.ac6.mcu.externaltools.arm-none.win32_1.15.0.201708311556/tools/compiler/bin/../lib/gcc/arm-none-eabi/6.3.1/../../../../arm-none-eabi/lib/thumb/v7e-m/fpv4-sp/hard\libc.a(lib_a-init.o)
                0x080083e8                __libc_init_array
 .text.memset   0x08008438       0x9c c:/ac6/systemworkbench/plugins/fr.ac6.mcu.externaltools.arm-none.win32_1.15.0.201708311556/tools/compiler/bin/../lib/gcc/arm-none-eabi/6.3.1/../../../../arm-none-eabi/lib/thumb/v7e-m/fpv4-sp/hard\libc.a(lib_a-memset.o)
                0x08008438                memset
 .text.sprintf  0x080084d4       0x4c c:/ac6/systemworkbench/plugins/fr.ac6.mcu.externaltools.arm-none.win32_1.15.0.201708311556/tools/compiler/bin/../lib/gcc/arm-none-eabi/6.3.1/../../../../arm-none-eabi/lib/thumb/v7e-m/fpv4-sp/hard\libc.a(lib_a-sprintf.o)
                0x080084d4                sprintf
 .text._svfprintf_r
                0x08008520     0x1494 c:/ac6/systemworkbench/plugins/fr.ac6.mcu.externaltools.arm-none.win32_1.15.0.201708311556/tools/compiler/bin/../lib/gcc/arm-none-eabi/6.3.1/../../../../arm-none-eabi/lib/thumb/v7e-m/fpv4-sp/hard\libc.a(lib_a-svfprintf.o)
                0x08008520                _svfprintf_r
 .text.startup.register_fini
                0x080099b4       0x14 c:/ac6/systemworkbench/plugins/fr.ac6.mcu.externaltools.arm-none.win32_1.15.0.201708311556/tools/compiler/bin/../lib/gcc/arm-none-eabi/6.3.1/../../../../arm-none-eabi/lib/thumb/v7e-m/fpv4-sp/hard\libc.a(lib_a-__call_atexit.o)
 .text.atexit   0x080099c8        0xc c:/ac6/systemworkbench/plugins/fr.ac6.mcu.externaltools.arm-none.win32_1.15.0.201708311556/tools/compiler/bin/../lib/gcc/arm-none-eabi/6.3.1/../../../../arm-none-eabi/lib/thumb/v7e-m/fpv4-sp/hard\libc.a(lib_a-atexit.o)
                0x080099c8                atexit
 .text.quorem   0x080099d4      0x128 c:/ac6/systemworkbench/plugins/fr.ac6.mcu.externaltools.arm-none.win32_1.15.0.201708311556/tools/compiler/bin/../lib/gcc/arm-none-eabi/6.3.1/../../../../arm-none-eabi/lib/thumb/v7e-m/fpv4-sp/hard\libc.a(lib_a-dtoa.o)
 *fill*         0x08009afc        0x4 
 .text._dtoa_r  0x08009b00      0xe4c c:/ac6/systemworkbench/plugins/fr.ac6.mcu.externaltools.arm-none.win32_1.15.0.201708311556/tools/compiler/bin/../lib/gcc/arm-none-eabi/6.3.1/../../../../arm-none-eabi/lib/thumb/v7e-m/fpv4-sp/hard\libc.a(lib_a-dtoa.o)
                0x08009b00                _dtoa_r
 .text.__libc_fini_array
                0x0800a94c       0x34 c:/ac6/systemworkbench/plugins/fr.ac6.mcu.externaltools.arm-none.win32_1.15.0.201708311556/tools/compiler/bin/../lib/gcc/arm-none-eabi/6.3.1/../../../../arm-none-eabi/lib/thumb/v7e-m/fpv4-sp/hard\libc.a(lib_a-fini.o)
                0x0800a94c                __libc_fini_array
 .text._malloc_trim_r
                0x0800a980       0xa0 c:/ac6/systemworkbench/plugins/fr.ac6.mcu.externaltools.arm-none.win32_1.15.0.201708311556/tools/compiler/bin/../lib/gcc/arm-none-eabi/6.3.1/../../../../arm-none-eabi/lib/thumb/v7e-m/fpv4-sp/hard\libc.a(lib_a-freer.o)
                0x0800a980                _malloc_trim_r
 .text._free_r  0x0800aa20      0x1cc c:/ac6/systemworkbench/plugins/fr.ac6.mcu.externaltools.arm-none.win32_1.15.0.201708311556/tools/compiler/bin/../lib/gcc/arm-none-eabi/6.3.1/../../../../arm-none-eabi/lib/thumb/v7e-m/fpv4-sp/hard\libc.a(lib_a-freer.o)
                0x0800aa20                _free_r
 .text._localeconv_r
                0x0800abec       0x1c c:/ac6/systemworkbench/plugins/fr.ac6.mcu.externaltools.arm-none.win32_1.15.0.201708311556/tools/compiler/bin/../lib/gcc/arm-none-eabi/6.3.1/../../../../arm-none-eabi/lib/thumb/v7e-m/fpv4-sp/hard\libc.a(lib_a-localeconv.o)
                0x0800abec                _localeconv_r
 .text.__retarget_lock_acquire_recursive
                0x0800ac08        0x4 c:/ac6/systemworkbench/plugins/fr.ac6.mcu.externaltools.arm-none.win32_1.15.0.201708311556/tools/compiler/bin/../lib/gcc/arm-none-eabi/6.3.1/../../../../arm-none-eabi/lib/thumb/v7e-m/fpv4-sp/hard\libc.a(lib_a-lock.o)
                0x0800ac08                __retarget_lock_acquire_recursive
 .text.__retarget_lock_release_recursive
                0x0800ac0c        0x4 c:/ac6/systemworkbench/plugins/fr.ac6.mcu.externaltools.arm-none.win32_1.15.0.201708311556/tools/compiler/bin/../lib/gcc/arm-none-eabi/6.3.1/../../../../arm-none-eabi/lib/thumb/v7e-m/fpv4-sp/hard\libc.a(lib_a-lock.o)
                0x0800ac0c                __retarget_lock_release_recursive
 .text._malloc_r
                0x0800ac10      0x560 c:/ac6/systemworkbench/plugins/fr.ac6.mcu.externaltools.arm-none.win32_1.15.0.201708311556/tools/compiler/bin/../lib/gcc/arm-none-eabi/6.3.1/../../../../arm-none-eabi/lib/thumb/v7e-m/fpv4-sp/hard\libc.a(lib_a-mallocr.o)
                0x0800ac10                _malloc_r
 .text.__malloc_lock
                0x0800b170        0xc c:/ac6/systemworkbench/plugins/fr.ac6.mcu.externaltools.arm-none.win32_1.15.0.201708311556/tools/compiler/bin/../lib/gcc/arm-none-eabi/6.3.1/../../../../arm-none-eabi/lib/thumb/v7e-m/fpv4-sp/hard\libc.a(lib_a-mlock.o)
                0x0800b170                __malloc_lock
 .text.__malloc_unlock
                0x0800b17c        0xc c:/ac6/systemworkbench/plugins/fr.ac6.mcu.externaltools.arm-none.win32_1.15.0.201708311556/tools/compiler/bin/../lib/gcc/arm-none-eabi/6.3.1/../../../../arm-none-eabi/lib/thumb/v7e-m/fpv4-sp/hard\libc.a(lib_a-mlock.o)
                0x0800b17c                __malloc_unlock
 .text._Balloc  0x0800b188       0x4c c:/ac6/systemworkbench/plugins/fr.ac6.mcu.externaltools.arm-none.win32_1.15.0.201708311556/tools/compiler/bin/../lib/gcc/arm-none-eabi/6.3.1/../../../../arm-none-eabi/lib/thumb/v7e-m/fpv4-sp/hard\libc.a(lib_a-mprec.o)
                0x0800b188                _Balloc
 .text._Bfree   0x0800b1d4       0x14 c:/ac6/systemworkbench/plugins/fr.ac6.mcu.externaltools.arm-none.win32_1.15.0.201708311556/tools/compiler/bin/../lib/gcc/arm-none-eabi/6.3.1/../../../../arm-none-eabi/lib/thumb/v7e-m/fpv4-sp/hard\libc.a(lib_a-mprec.o)
                0x0800b1d4                _Bfree
 .text.__multadd
                0x0800b1e8       0x80 c:/ac6/systemworkbench/plugins/fr.ac6.mcu.externaltools.arm-none.win32_1.15.0.201708311556/tools/compiler/bin/../lib/gcc/arm-none-eabi/6.3.1/../../../../arm-none-eabi/lib/thumb/v7e-m/fpv4-sp/hard\libc.a(lib_a-mprec.o)
                0x0800b1e8                __multadd
 .text.__hi0bits
                0x0800b268       0x40 c:/ac6/systemworkbench/plugins/fr.ac6.mcu.externaltools.arm-none.win32_1.15.0.201708311556/tools/compiler/bin/../lib/gcc/arm-none-eabi/6.3.1/../../../../arm-none-eabi/lib/thumb/v7e-m/fpv4-sp/hard\libc.a(lib_a-mprec.o)
                0x0800b268                __hi0bits
 .text.__lo0bits
                0x0800b2a8       0x60 c:/ac6/systemworkbench/plugins/fr.ac6.mcu.externaltools.arm-none.win32_1.15.0.201708311556/tools/compiler/bin/../lib/gcc/arm-none-eabi/6.3.1/../../../../arm-none-eabi/lib/thumb/v7e-m/fpv4-sp/hard\libc.a(lib_a-mprec.o)
                0x0800b2a8                __lo0bits
 .text.__i2b    0x0800b308       0x14 c:/ac6/systemworkbench/plugins/fr.ac6.mcu.externaltools.arm-none.win32_1.15.0.201708311556/tools/compiler/bin/../lib/gcc/arm-none-eabi/6.3.1/../../../../arm-none-eabi/lib/thumb/v7e-m/fpv4-sp/hard\libc.a(lib_a-mprec.o)
                0x0800b308                __i2b
 .text.__multiply
                0x0800b31c      0x124 c:/ac6/systemworkbench/plugins/fr.ac6.mcu.externaltools.arm-none.win32_1.15.0.201708311556/tools/compiler/bin/../lib/gcc/arm-none-eabi/6.3.1/../../../../arm-none-eabi/lib/thumb/v7e-m/fpv4-sp/hard\libc.a(lib_a-mprec.o)
                0x0800b31c                __multiply
 .text.__pow5mult
                0x0800b440       0xa0 c:/ac6/systemworkbench/plugins/fr.ac6.mcu.externaltools.arm-none.win32_1.15.0.201708311556/tools/compiler/bin/../lib/gcc/arm-none-eabi/6.3.1/../../../../arm-none-eabi/lib/thumb/v7e-m/fpv4-sp/hard\libc.a(lib_a-mprec.o)
                0x0800b440                __pow5mult
 .text.__lshift
                0x0800b4e0       0xa4 c:/ac6/systemworkbench/plugins/fr.ac6.mcu.externaltools.arm-none.win32_1.15.0.201708311556/tools/compiler/bin/../lib/gcc/arm-none-eabi/6.3.1/../../../../arm-none-eabi/lib/thumb/v7e-m/fpv4-sp/hard\libc.a(lib_a-mprec.o)
                0x0800b4e0                __lshift
 .text.__mcmp   0x0800b584       0x38 c:/ac6/systemworkbench/plugins/fr.ac6.mcu.externaltools.arm-none.win32_1.15.0.201708311556/tools/compiler/bin/../lib/gcc/arm-none-eabi/6.3.1/../../../../arm-none-eabi/lib/thumb/v7e-m/fpv4-sp/hard\libc.a(lib_a-mprec.o)
                0x0800b584                __mcmp
 .text.__mdiff  0x0800b5bc      0x108 c:/ac6/systemworkbench/plugins/fr.ac6.mcu.externaltools.arm-none.win32_1.15.0.201708311556/tools/compiler/bin/../lib/gcc/arm-none-eabi/6.3.1/../../../../arm-none-eabi/lib/thumb/v7e-m/fpv4-sp/hard\libc.a(lib_a-mprec.o)
                0x0800b5bc                __mdiff
 .text.__d2b    0x0800b6c4       0xbc c:/ac6/systemworkbench/plugins/fr.ac6.mcu.externaltools.arm-none.win32_1.15.0.201708311556/tools/compiler/bin/../lib/gcc/arm-none-eabi/6.3.1/../../../../arm-none-eabi/lib/thumb/v7e-m/fpv4-sp/hard\libc.a(lib_a-mprec.o)
                0x0800b6c4                __d2b
 .text._sbrk_r  0x0800b780       0x24 c:/ac6/systemworkbench/plugins/fr.ac6.mcu.externaltools.arm-none.win32_1.15.0.201708311556/tools/compiler/bin/../lib/gcc/arm-none-eabi/6.3.1/../../../../arm-none-eabi/lib/thumb/v7e-m/fpv4-sp/hard\libc.a(lib_a-sbrkr.o)
                0x0800b780                _sbrk_r
 .text.__ssprint_r
                0x0800b7a4       0xfc c:/ac6/systemworkbench/plugins/fr.ac6.mcu.externaltools.arm-none.win32_1.15.0.201708311556/tools/compiler/bin/../lib/gcc/arm-none-eabi/6.3.1/../../../../arm-none-eabi/lib/thumb/v7e-m/fpv4-sp/hard\libc.a(lib_a-svfiprintf.o)
                0x0800b7a4                __ssprint_r
 .text.__register_exitproc
                0x0800b8a0       0xc4 c:/ac6/systemworkbench/plugins/fr.ac6.mcu.externaltools.arm-none.win32_1.15.0.201708311556/tools/compiler/bin/../lib/gcc/arm-none-eabi/6.3.1/../../../../arm-none-eabi/lib/thumb/v7e-m/fpv4-sp/hard\libc.a(lib_a-__atexit.o)
                0x0800b8a0                __register_exitproc
 .text._calloc_r
                0x0800b964       0x60 c:/ac6/systemworkbench/plugins/fr.ac6.mcu.externaltools.arm-none.win32_1.15.0.201708311556/tools/compiler/bin/../lib/gcc/arm-none-eabi/6.3.1/../../../../arm-none-eabi/lib/thumb/v7e-m/fpv4-sp/hard\libc.a(lib_a-callocr.o)
                0x0800b964                _calloc_r
 .text.__ascii_mbtowc
                0x0800b9c4       0x2c c:/ac6/systemworkbench/plugins/fr.ac6.mcu.externaltools.arm-none.win32_1.15.0.201708311556/tools/compiler/bin/../lib/gcc/arm-none-eabi/6.3.1/../../../../arm-none-eabi/lib/thumb/v7e-m/fpv4-sp/hard\libc.a(lib_a-mbtowc_r.o)
                0x0800b9c4                __ascii_mbtowc
 .text.memmove  0x0800b9f0       0xc8 c:/ac6/systemworkbench/plugins/fr.ac6.mcu.externaltools.arm-none.win32_1.15.0.201708311556/tools/compiler/bin/../lib/gcc/arm-none-eabi/6.3.1/../../../../arm-none-eabi/lib/thumb/v7e-m/fpv4-sp/hard\libc.a(lib_a-memmove.o)
                0x0800b9f0                memmove
 .text._realloc_r
                0x0800bab8      0x34c c:/ac6/systemworkbench/plugins/fr.ac6.mcu.externaltools.arm-none.win32_1.15.0.201708311556/tools/compiler/bin/../lib/gcc/arm-none-eabi/6.3.1/../../../../arm-none-eabi/lib/thumb/v7e-m/fpv4-sp/hard\libc.a(lib_a-reallocr.o)
                0x0800bab8                _realloc_r
 .text.__ascii_wctomb
                0x0800be04       0x1c c:/ac6/systemworkbench/plugins/fr.ac6.mcu.externaltools.arm-none.win32_1.15.0.201708311556/tools/compiler/bin/../lib/gcc/arm-none-eabi/6.3.1/../../../../arm-none-eabi/lib/thumb/v7e-m/fpv4-sp/hard\libc.a(lib_a-wctomb_r.o)
                0x0800be04                __ascii_wctomb
 *(.glue_7)
 .glue_7        0x0800be20        0x0 linker stubs
 *(.glue_7t)
 .glue_7t       0x0800be20        0x0 linker stubs
 *(.eh_frame)
 .eh_frame      0x0800be20        0x0 c:/ac6/systemworkbench/plugins/fr.ac6.mcu.externaltools.arm-none.win32_1.15.0.201708311556/tools/compiler/bin/../lib/gcc/arm-none-eabi/6.3.1/thumb/v7e-m/fpv4-sp/hard/crtbegin.o
 *(.init)
 .init          0x0800be20        0x4 c:/ac6/systemworkbench/plugins/fr.ac6.mcu.externaltools.arm-none.win32_1.15.0.201708311556/tools/compiler/bin/../lib/gcc/arm-none-eabi/6.3.1/thumb/v7e-m/fpv4-sp/hard/crti.o
                0x0800be20                _init
 .init          0x0800be24        0x8 c:/ac6/systemworkbench/plugins/fr.ac6.mcu.externaltools.arm-none.win32_1.15.0.201708311556/tools/compiler/bin/../lib/gcc/arm-none-eabi/6.3.1/thumb/v7e-m/fpv4-sp/hard/crtn.o
 *(.fini)
 .fini          0x0800be2c        0x4 c:/ac6/systemworkbench/plugins/fr.ac6.mcu.externaltools.arm-none.win32_1.15.0.201708311556/tools/compiler/bin/../lib/gcc/arm-none-eabi/6.3.1/thumb/v7e-m/fpv4-sp/hard/crti.o
                0x0800be2c                _fini
 .fini          0x0800be30        0x8 c:/ac6/systemworkbench/plugins/fr.ac6.mcu.externaltools.arm-none.win32_1.15.0.201708311556/tools/compiler/bin/../lib/gcc/arm-none-eabi/6.3.1/thumb/v7e-m/fpv4-sp/hard/crtn.o
                0x0800be38                . = ALIGN (0x4)
                0x0800be38                _etext = .

.vfp11_veneer   0x0800be38        0x0
 .vfp11_veneer  0x0800be38        0x0 linker stubs

.v4_bx          0x0800be38        0x0
 .v4_bx         0x0800be38        0x0 linker stubs

.iplt           0x0800be38        0x0
 .iplt          0x0800be38        0x0 c:/ac6/systemworkbench/plugins/fr.ac6.mcu.externaltools.arm-none.win32_1.15.0.201708311556/tools/compiler/bin/../lib/gcc/arm-none-eabi/6.3.1/thumb/v7e-m/fpv4-sp/hard/crtbegin.o

.rodata         0x0800be38     0x2d20
                0x0800be38                . = ALIGN (0x4)
 *(.rodata)
 .rodata        0x0800be38        0xf Utilities/FatFs_vR0.08a/ff.o
 *fill*         0x0800be47        0x1 
 .rodata        0x0800be48     0x29d0 Utilities/STM32F4-Discovery/fonts.o
                0x0800be48                ASCII16x24_Table
                0x0800d018                ASCII12x12_Table
                0x0800d918                ASCII8x12_Table
                0x0800e218                ASCII8x8_Table
 .rodata        0x0800e818       0x18 src/bmp.o
 .rodata        0x0800e830       0x99 src/main.o
 *(.rodata*)
 *fill*         0x0800e8c9        0x3 
 .rodata._global_impure_ptr
                0x0800e8cc        0x4 c:/ac6/systemworkbench/plugins/fr.ac6.mcu.externaltools.arm-none.win32_1.15.0.201708311556/tools/compiler/bin/../lib/gcc/arm-none-eabi/6.3.1/../../../../arm-none-eabi/lib/thumb/v7e-m/fpv4-sp/hard\libc.a(lib_a-impure.o)
                0x0800e8cc                _global_impure_ptr
 .rodata._svfprintf_r.str1.4
                0x0800e8d0       0x42 c:/ac6/systemworkbench/plugins/fr.ac6.mcu.externaltools.arm-none.win32_1.15.0.201708311556/tools/compiler/bin/../lib/gcc/arm-none-eabi/6.3.1/../../../../arm-none-eabi/lib/thumb/v7e-m/fpv4-sp/hard\libc.a(lib_a-svfprintf.o)
 *fill*         0x0800e912        0x2 
 .rodata.blanks.8346
                0x0800e914       0x10 c:/ac6/systemworkbench/plugins/fr.ac6.mcu.externaltools.arm-none.win32_1.15.0.201708311556/tools/compiler/bin/../lib/gcc/arm-none-eabi/6.3.1/../../../../arm-none-eabi/lib/thumb/v7e-m/fpv4-sp/hard\libc.a(lib_a-svfprintf.o)
 .rodata.zeroes.8347
                0x0800e924       0x10 c:/ac6/systemworkbench/plugins/fr.ac6.mcu.externaltools.arm-none.win32_1.15.0.201708311556/tools/compiler/bin/../lib/gcc/arm-none-eabi/6.3.1/../../../../arm-none-eabi/lib/thumb/v7e-m/fpv4-sp/hard\libc.a(lib_a-svfprintf.o)
 .rodata._dtoa_r.str1.4
                0x0800e934       0x10 c:/ac6/systemworkbench/plugins/fr.ac6.mcu.externaltools.arm-none.win32_1.15.0.201708311556/tools/compiler/bin/../lib/gcc/arm-none-eabi/6.3.1/../../../../arm-none-eabi/lib/thumb/v7e-m/fpv4-sp/hard\libc.a(lib_a-dtoa.o)
                                 0x12 (size before relaxing)
 *fill*         0x0800e944        0x4 
 .rodata.__mprec_bigtens
                0x0800e948       0x28 c:/ac6/systemworkbench/plugins/fr.ac6.mcu.externaltools.arm-none.win32_1.15.0.201708311556/tools/compiler/bin/../lib/gcc/arm-none-eabi/6.3.1/../../../../arm-none-eabi/lib/thumb/v7e-m/fpv4-sp/hard\libc.a(lib_a-mprec.o)
                0x0800e948                __mprec_bigtens
 .rodata.__mprec_tens
                0x0800e970       0xc8 c:/ac6/systemworkbench/plugins/fr.ac6.mcu.externaltools.arm-none.win32_1.15.0.201708311556/tools/compiler/bin/../lib/gcc/arm-none-eabi/6.3.1/../../../../arm-none-eabi/lib/thumb/v7e-m/fpv4-sp/hard\libc.a(lib_a-mprec.o)
                0x0800e970                __mprec_tens
 .rodata.p05.7178
                0x0800ea38        0xc c:/ac6/systemworkbench/plugins/fr.ac6.mcu.externaltools.arm-none.win32_1.15.0.201708311556/tools/compiler/bin/../lib/gcc/arm-none-eabi/6.3.1/../../../../arm-none-eabi/lib/thumb/v7e-m/fpv4-sp/hard\libc.a(lib_a-mprec.o)
 .rodata._setlocale_r.str1.4
                0x0800ea44        0xa c:/ac6/systemworkbench/plugins/fr.ac6.mcu.externaltools.arm-none.win32_1.15.0.201708311556/tools/compiler/bin/../lib/gcc/arm-none-eabi/6.3.1/../../../../arm-none-eabi/lib/thumb/v7e-m/fpv4-sp/hard\libc.a(lib_a-locale.o)
                                  0xd (size before relaxing)
 *fill*         0x0800ea4e        0x2 
 .rodata.str1.4
                0x0800ea50        0x4 c:/ac6/systemworkbench/plugins/fr.ac6.mcu.externaltools.arm-none.win32_1.15.0.201708311556/tools/compiler/bin/../lib/gcc/arm-none-eabi/6.3.1/../../../../arm-none-eabi/lib/thumb/v7e-m/fpv4-sp/hard\libc.a(lib_a-locale.o)
                                  0x2 (size before relaxing)
 .rodata._ctype_
                0x0800ea54      0x101 c:/ac6/systemworkbench/plugins/fr.ac6.mcu.externaltools.arm-none.win32_1.15.0.201708311556/tools/compiler/bin/../lib/gcc/arm-none-eabi/6.3.1/../../../../arm-none-eabi/lib/thumb/v7e-m/fpv4-sp/hard\libc.a(lib_a-ctype_.o)
                0x0800ea54                _ctype_
                0x0800eb58                . = ALIGN (0x4)
 *fill*         0x0800eb55        0x3 

.ARM.extab      0x0800eb58        0x0
                0x0800eb58                . = ALIGN (0x4)
 *(.ARM.extab* .gnu.linkonce.armextab.*)
                0x0800eb58                . = ALIGN (0x4)

.ARM            0x0800eb58        0x8
                0x0800eb58                . = ALIGN (0x4)
                0x0800eb58                __exidx_start = .
 *(.ARM.exidx*)
 .ARM.exidx     0x0800eb58        0x8 c:/ac6/systemworkbench/plugins/fr.ac6.mcu.externaltools.arm-none.win32_1.15.0.201708311556/tools/compiler/bin/../lib/gcc/arm-none-eabi/6.3.1/thumb/v7e-m/fpv4-sp/hard\libgcc.a(_udivmoddi4.o)
                0x0800eb60                __exidx_end = .
                0x0800eb60                . = ALIGN (0x4)

.rel.dyn        0x0800eb60        0x0
 .rel.iplt      0x0800eb60        0x0 c:/ac6/systemworkbench/plugins/fr.ac6.mcu.externaltools.arm-none.win32_1.15.0.201708311556/tools/compiler/bin/../lib/gcc/arm-none-eabi/6.3.1/thumb/v7e-m/fpv4-sp/hard/crtbegin.o

.preinit_array  0x0800eb60        0x0
                0x0800eb60                . = ALIGN (0x4)
                0x0800eb60                PROVIDE (__preinit_array_start, .)
 *(.preinit_array*)
                0x0800eb60                PROVIDE (__preinit_array_end, .)
                0x0800eb60                . = ALIGN (0x4)

.init_array     0x0800eb60        0x8
                0x0800eb60                . = ALIGN (0x4)
                0x0800eb60                PROVIDE (__init_array_start, .)
 *(SORT(.init_array.*))
 .init_array.00000
                0x0800eb60        0x4 c:/ac6/systemworkbench/plugins/fr.ac6.mcu.externaltools.arm-none.win32_1.15.0.201708311556/tools/compiler/bin/../lib/gcc/arm-none-eabi/6.3.1/../../../../arm-none-eabi/lib/thumb/v7e-m/fpv4-sp/hard\libc.a(lib_a-__call_atexit.o)
 *(.init_array*)
 .init_array    0x0800eb64        0x4 c:/ac6/systemworkbench/plugins/fr.ac6.mcu.externaltools.arm-none.win32_1.15.0.201708311556/tools/compiler/bin/../lib/gcc/arm-none-eabi/6.3.1/thumb/v7e-m/fpv4-sp/hard/crtbegin.o
                0x0800eb68                PROVIDE (__init_array_end, .)
                0x0800eb68                . = ALIGN (0x4)

.fini_array     0x0800eb68        0x4
                0x0800eb68                . = ALIGN (0x4)
                0x0800eb68                PROVIDE (__fini_array_start, .)
 *(SORT(.fini_array.*))
 *(.fini_array*)
 .fini_array    0x0800eb68        0x4 c:/ac6/systemworkbench/plugins/fr.ac6.mcu.externaltools.arm-none.win32_1.15.0.201708311556/tools/compiler/bin/../lib/gcc/arm-none-eabi/6.3.1/thumb/v7e-m/fpv4-sp/hard/crtbegin.o
                0x0800eb6c                PROVIDE (__fini_array_end, .)
                0x0800eb6c                . = ALIGN (0x4)
                0x0800eb6c                _sidata = LOADADDR (.data)

.data           0x20000000      0xa28 load address 0x0800eb6c
                0x20000000                . = ALIGN (0x4)
                0x20000000                _sdata = .
 *(.data)
 .data          0x20000000       0x10 STM32F4xx_StdPeriph_Driver/src/stm32f4xx_rcc.o
 .data          0x20000010       0x20 Utilities/STM32F4-Discovery/fonts.o
                0x20000010                Font16x24
                0x20000018                Font12x12
                0x20000020                Font8x12
                0x20000028                Font8x8
 .data          0x20000030        0x2 Utilities/STM32F4-Discovery/stm32f4_discovery_lcd.o
 *fill*         0x20000032        0x2 
 .data          0x20000034       0x46 src/bmp.o
                0x20000034                bmp_header
 .data          0x2000007a        0x1 src/main.o
                0x2000007a                capture_Flag
 *(.data*)
 *fill*         0x2000007b        0x1 
 .data._impure_ptr
                0x2000007c        0x4 c:/ac6/systemworkbench/plugins/fr.ac6.mcu.externaltools.arm-none.win32_1.15.0.201708311556/tools/compiler/bin/../lib/gcc/arm-none-eabi/6.3.1/../../../../arm-none-eabi/lib/thumb/v7e-m/fpv4-sp/hard\libc.a(lib_a-impure.o)
                0x2000007c                _impure_ptr
 .data.impure_data
                0x20000080      0x428 c:/ac6/systemworkbench/plugins/fr.ac6.mcu.externaltools.arm-none.win32_1.15.0.201708311556/tools/compiler/bin/../lib/gcc/arm-none-eabi/6.3.1/../../../../arm-none-eabi/lib/thumb/v7e-m/fpv4-sp/hard\libc.a(lib_a-impure.o)
 .data.__atexit_recursive_mutex
                0x200004a8        0x4 c:/ac6/systemworkbench/plugins/fr.ac6.mcu.externaltools.arm-none.win32_1.15.0.201708311556/tools/compiler/bin/../lib/gcc/arm-none-eabi/6.3.1/../../../../arm-none-eabi/lib/thumb/v7e-m/fpv4-sp/hard\libc.a(lib_a-__call_atexit.o)
                0x200004a8                __atexit_recursive_mutex
 .data.__malloc_av_
                0x200004ac      0x408 c:/ac6/systemworkbench/plugins/fr.ac6.mcu.externaltools.arm-none.win32_1.15.0.201708311556/tools/compiler/bin/../lib/gcc/arm-none-eabi/6.3.1/../../../../arm-none-eabi/lib/thumb/v7e-m/fpv4-sp/hard\libc.a(lib_a-mallocr.o)
                0x200004ac                __malloc_av_
 .data.__malloc_sbrk_base
                0x200008b4        0x4 c:/ac6/systemworkbench/plugins/fr.ac6.mcu.externaltools.arm-none.win32_1.15.0.201708311556/tools/compiler/bin/../lib/gcc/arm-none-eabi/6.3.1/../../../../arm-none-eabi/lib/thumb/v7e-m/fpv4-sp/hard\libc.a(lib_a-mallocr.o)
                0x200008b4                __malloc_sbrk_base
 .data.__malloc_trim_threshold
                0x200008b8        0x4 c:/ac6/systemworkbench/plugins/fr.ac6.mcu.externaltools.arm-none.win32_1.15.0.201708311556/tools/compiler/bin/../lib/gcc/arm-none-eabi/6.3.1/../../../../arm-none-eabi/lib/thumb/v7e-m/fpv4-sp/hard\libc.a(lib_a-mallocr.o)
                0x200008b8                __malloc_trim_threshold
 .data.__global_locale
                0x200008bc      0x16c c:/ac6/systemworkbench/plugins/fr.ac6.mcu.externaltools.arm-none.win32_1.15.0.201708311556/tools/compiler/bin/../lib/gcc/arm-none-eabi/6.3.1/../../../../arm-none-eabi/lib/thumb/v7e-m/fpv4-sp/hard\libc.a(lib_a-locale.o)
                0x200008bc                __global_locale
                0x20000a28                . = ALIGN (0x4)
                0x20000a28                _edata = .

.jcr            0x20000a28        0x0 load address 0x0800f594
 .jcr           0x20000a28        0x0 c:/ac6/systemworkbench/plugins/fr.ac6.mcu.externaltools.arm-none.win32_1.15.0.201708311556/tools/compiler/bin/../lib/gcc/arm-none-eabi/6.3.1/thumb/v7e-m/fpv4-sp/hard/crtbegin.o

.igot.plt       0x20000a28        0x0 load address 0x0800f594
 .igot.plt      0x20000a28        0x0 c:/ac6/systemworkbench/plugins/fr.ac6.mcu.externaltools.arm-none.win32_1.15.0.201708311556/tools/compiler/bin/../lib/gcc/arm-none-eabi/6.3.1/thumb/v7e-m/fpv4-sp/hard/crtbegin.o
                0x20000a28                . = ALIGN (0x4)

.bss            0x20000a28     0x9dd0 load address 0x0800f594
                0x20000a28                _sbss = .
                0x20000a28                __bss_start__ = _sbss
 *(.bss)
 .bss           0x20000a28       0x1c c:/ac6/systemworkbench/plugins/fr.ac6.mcu.externaltools.arm-none.win32_1.15.0.201708311556/tools/compiler/bin/../lib/gcc/arm-none-eabi/6.3.1/thumb/v7e-m/fpv4-sp/hard/crtbegin.o
 .bss           0x20000a44        0x6 Utilities/FatFs_vR0.08a/ff.o
 *fill*         0x20000a4a        0x2 
 .bss           0x20000a4c        0x6 Utilities/STM32F4-Discovery/stm32f4_discovery_lcd.o
 *fill*         0x20000a52        0x2 
 .bss           0x20000a54       0x48 Utilities/STM32F4-Discovery/stm32f4_discovery_sdio_sd.o
                0x20000a8c                StopCondition
                0x20000a90                TransferError
                0x20000a94                TransferEnd
                0x20000a98                DMAEndOfTransfer
 .bss           0x20000a9c        0x1 src/USARTprint.o
 *fill*         0x20000a9d        0x3 
 .bss           0x20000aa0      0x404 src/bmp.o
                0x20000aa0                pic_counter
                0x20000aa4                image_buf
 .bss           0x20000ea4        0x1 src/main.o
                0x20000ea4                KeyPressFlg
 *fill*         0x20000ea5        0x3 
 .bss           0x20000ea8        0x4 startup/sysmem.o
 *(.bss*)
 .bss.__malloc_current_mallinfo
                0x20000eac       0x28 c:/ac6/systemworkbench/plugins/fr.ac6.mcu.externaltools.arm-none.win32_1.15.0.201708311556/tools/compiler/bin/../lib/gcc/arm-none-eabi/6.3.1/../../../../arm-none-eabi/lib/thumb/v7e-m/fpv4-sp/hard\libc.a(lib_a-mallocr.o)
                0x20000eac                __malloc_current_mallinfo
 .bss.__malloc_max_sbrked_mem
                0x20000ed4        0x4 c:/ac6/systemworkbench/plugins/fr.ac6.mcu.externaltools.arm-none.win32_1.15.0.201708311556/tools/compiler/bin/../lib/gcc/arm-none-eabi/6.3.1/../../../../arm-none-eabi/lib/thumb/v7e-m/fpv4-sp/hard\libc.a(lib_a-mallocr.o)
                0x20000ed4                __malloc_max_sbrked_mem
 .bss.__malloc_max_total_mem
                0x20000ed8        0x4 c:/ac6/systemworkbench/plugins/fr.ac6.mcu.externaltools.arm-none.win32_1.15.0.201708311556/tools/compiler/bin/../lib/gcc/arm-none-eabi/6.3.1/../../../../arm-none-eabi/lib/thumb/v7e-m/fpv4-sp/hard\libc.a(lib_a-mallocr.o)
                0x20000ed8                __malloc_max_total_mem
 .bss.__malloc_top_pad
                0x20000edc        0x4 c:/ac6/systemworkbench/plugins/fr.ac6.mcu.externaltools.arm-none.win32_1.15.0.201708311556/tools/compiler/bin/../lib/gcc/arm-none-eabi/6.3.1/../../../../arm-none-eabi/lib/thumb/v7e-m/fpv4-sp/hard\libc.a(lib_a-mallocr.o)
                0x20000edc                __malloc_top_pad
 *(COMMON)
 COMMON         0x20000ee0       0x94 Utilities/STM32F4-Discovery/stm32f4_discovery_sdio_sd.o
                0x20000ee0                SDIO_CmdInitStructure
                0x20000ef4                SDCardInfo
                0x20000f44                SDIO_InitStructure
                0x20000f5c                SDIO_DataInitStructure
 COMMON         0x20000f74        0xd src/USARTprint.o
                0x20000f74                received_string
 *fill*         0x20000f81        0x3 
 COMMON         0x20000f84      0x230 src/bmp.o
                0x20000f84                filesys
 COMMON         0x200011b4     0x961c src/main.o
                0x200011b4                TimingDelay
                0x200011b8                RCC_Clocks
                0x200011c8                EXTI_InitStructure
                0x200011d0                image_buffer
 COMMON         0x2000a7d0       0x21 c:/ac6/systemworkbench/plugins/fr.ac6.mcu.externaltools.arm-none.win32_1.15.0.201708311556/tools/compiler/bin/../lib/gcc/arm-none-eabi/6.3.1/../../../../arm-none-eabi/lib/thumb/v7e-m/fpv4-sp/hard\libc.a(lib_a-lock.o)
                0x2000a7d0                __lock___atexit_recursive_mutex
                0x2000a7d4                __lock___arc4random_mutex
                0x2000a7d8                __lock___env_recursive_mutex
                0x2000a7dc                __lock___sinit_recursive_mutex
                0x2000a7e0                __lock___malloc_recursive_mutex
                0x2000a7e4                __lock___at_quick_exit_mutex
                0x2000a7e8                __lock___dd_hash_mutex
                0x2000a7ec                __lock___tz_mutex
                0x2000a7f0                __lock___sfp_recursive_mutex
 *fill*         0x2000a7f1        0x3 
 COMMON         0x2000a7f4        0x4 c:/ac6/systemworkbench/plugins/fr.ac6.mcu.externaltools.arm-none.win32_1.15.0.201708311556/tools/compiler/bin/../lib/gcc/arm-none-eabi/6.3.1/../../../../arm-none-eabi/lib/thumb/v7e-m/fpv4-sp/hard\libc.a(lib_a-reent.o)
                0x2000a7f4                errno
                0x2000a7f8                . = ALIGN (0x4)
                0x2000a7f8                _ebss = .
                0x2000a7f8                __bss_end__ = _ebss

._user_heap_stack
                0x2000a7f8      0x400 load address 0x0800f594
                0x2000a7f8                . = ALIGN (0x8)
                0x2000a7f8                PROVIDE (end, .)
                [!provide]                PROVIDE (_end, .)
                0x2000a7f8                . = (. + _Min_Heap_Size)
                0x2000abf8                . = (. + _Min_Stack_Size)
 *fill*         0x2000a7f8      0x400 
                0x2000abf8                . = ALIGN (0x8)

/DISCARD/
 libc.a(*)
 libm.a(*)
 libgcc.a(*)

.ARM.attributes
                0x00000000       0x30
 *(.ARM.attributes)
 .ARM.attributes
                0x00000000       0x22 c:/ac6/systemworkbench/plugins/fr.ac6.mcu.externaltools.arm-none.win32_1.15.0.201708311556/tools/compiler/bin/../lib/gcc/arm-none-eabi/6.3.1/thumb/v7e-m/fpv4-sp/hard/crti.o
 .ARM.attributes
                0x00000022       0x34 c:/ac6/systemworkbench/plugins/fr.ac6.mcu.externaltools.arm-none.win32_1.15.0.201708311556/tools/compiler/bin/../lib/gcc/arm-none-eabi/6.3.1/thumb/v7e-m/fpv4-sp/hard/crtbegin.o
 .ARM.attributes
                0x00000056       0x39 STM32F4xx_StdPeriph_Driver/src/misc.o
 .ARM.attributes
                0x0000008f       0x39 STM32F4xx_StdPeriph_Driver/src/stm32f4xx_dcmi.o
 .ARM.attributes
                0x000000c8       0x39 STM32F4xx_StdPeriph_Driver/src/stm32f4xx_dma.o
 .ARM.attributes
                0x00000101       0x39 STM32F4xx_StdPeriph_Driver/src/stm32f4xx_exti.o
 .ARM.attributes
                0x0000013a       0x39 STM32F4xx_StdPeriph_Driver/src/stm32f4xx_fsmc.o
 .ARM.attributes
                0x00000173       0x39 STM32F4xx_StdPeriph_Driver/src/stm32f4xx_gpio.o
 .ARM.attributes
                0x000001ac       0x39 STM32F4xx_StdPeriph_Driver/src/stm32f4xx_i2c.o
 .ARM.attributes
                0x000001e5       0x39 STM32F4xx_StdPeriph_Driver/src/stm32f4xx_rcc.o
 .ARM.attributes
                0x0000021e       0x39 STM32F4xx_StdPeriph_Driver/src/stm32f4xx_sdio.o
 .ARM.attributes
                0x00000257       0x39 STM32F4xx_StdPeriph_Driver/src/stm32f4xx_syscfg.o
 .ARM.attributes
                0x00000290       0x39 STM32F4xx_StdPeriph_Driver/src/stm32f4xx_usart.o
 .ARM.attributes
                0x000002c9       0x39 Utilities/FatFs_vR0.08a/diskio.o
 .ARM.attributes
                0x00000302       0x39 Utilities/FatFs_vR0.08a/ff.o
 .ARM.attributes
                0x0000033b       0x39 Utilities/STM32F4-Discovery/fonts.o
 .ARM.attributes
                0x00000374       0x39 Utilities/STM32F4-Discovery/stm32f4_discovery.o
 .ARM.attributes
                0x000003ad       0x39 Utilities/STM32F4-Discovery/stm32f4_discovery_audio_codec.o
 .ARM.attributes
                0x000003e6       0x39 Utilities/STM32F4-Discovery/stm32f4_discovery_lcd.o
 .ARM.attributes
                0x0000041f       0x39 Utilities/STM32F4-Discovery/stm32f4_discovery_sdio_sd.o
 .ARM.attributes
                0x00000458       0x39 src/USARTprint.o
 .ARM.attributes
                0x00000491       0x39 src/bmp.o
 .ARM.attributes
                0x000004ca       0x39 src/dcmi_ov9655.o
 .ARM.attributes
                0x00000503       0x39 src/main.o
 .ARM.attributes
                0x0000053c       0x39 src/stm32f4xx_it.o
 .ARM.attributes
                0x00000575       0x39 src/system_stm32f4xx.o
 .ARM.attributes
                0x000005ae       0x21 startup/startup_stm32.o
 .ARM.attributes
                0x000005cf       0x39 startup/sysmem.o
 .ARM.attributes
                0x00000608       0x22 c:/ac6/systemworkbench/plugins/fr.ac6.mcu.externaltools.arm-none.win32_1.15.0.201708311556/tools/compiler/bin/../lib/gcc/arm-none-eabi/6.3.1/thumb/v7e-m/fpv4-sp/hard\libgcc.a(_arm_addsubdf3.o)
 .ARM.attributes
                0x0000062a       0x22 c:/ac6/systemworkbench/plugins/fr.ac6.mcu.externaltools.arm-none.win32_1.15.0.201708311556/tools/compiler/bin/../lib/gcc/arm-none-eabi/6.3.1/thumb/v7e-m/fpv4-sp/hard\libgcc.a(_arm_cmpdf2.o)
 .ARM.attributes
                0x0000064c       0x34 c:/ac6/systemworkbench/plugins/fr.ac6.mcu.externaltools.arm-none.win32_1.15.0.201708311556/tools/compiler/bin/../lib/gcc/arm-none-eabi/6.3.1/../../../../arm-none-eabi/lib/thumb/v7e-m/fpv4-sp/hard\libc.a(lib_a-errno.o)
 .ARM.attributes
                0x00000680       0x34 c:/ac6/systemworkbench/plugins/fr.ac6.mcu.externaltools.arm-none.win32_1.15.0.201708311556/tools/compiler/bin/../lib/gcc/arm-none-eabi/6.3.1/../../../../arm-none-eabi/lib/thumb/v7e-m/fpv4-sp/hard\libc.a(lib_a-impure.o)
 .ARM.attributes
                0x000006b4       0x34 c:/ac6/systemworkbench/plugins/fr.ac6.mcu.externaltools.arm-none.win32_1.15.0.201708311556/tools/compiler/bin/../lib/gcc/arm-none-eabi/6.3.1/../../../../arm-none-eabi/lib/thumb/v7e-m/fpv4-sp/hard\libc.a(lib_a-init.o)
 .ARM.attributes
                0x000006e8       0x34 c:/ac6/systemworkbench/plugins/fr.ac6.mcu.externaltools.arm-none.win32_1.15.0.201708311556/tools/compiler/bin/../lib/gcc/arm-none-eabi/6.3.1/../../../../arm-none-eabi/lib/thumb/v7e-m/fpv4-sp/hard\libc.a(lib_a-memset.o)
 .ARM.attributes
                0x0000071c       0x34 c:/ac6/systemworkbench/plugins/fr.ac6.mcu.externaltools.arm-none.win32_1.15.0.201708311556/tools/compiler/bin/../lib/gcc/arm-none-eabi/6.3.1/../../../../arm-none-eabi/lib/thumb/v7e-m/fpv4-sp/hard\libc.a(lib_a-sprintf.o)
 .ARM.attributes
                0x00000750       0x34 c:/ac6/systemworkbench/plugins/fr.ac6.mcu.externaltools.arm-none.win32_1.15.0.201708311556/tools/compiler/bin/../lib/gcc/arm-none-eabi/6.3.1/../../../../arm-none-eabi/lib/thumb/v7e-m/fpv4-sp/hard\libc.a(lib_a-svfprintf.o)
 .ARM.attributes
                0x00000784       0x34 c:/ac6/systemworkbench/plugins/fr.ac6.mcu.externaltools.arm-none.win32_1.15.0.201708311556/tools/compiler/bin/../lib/gcc/arm-none-eabi/6.3.1/../../../../arm-none-eabi/lib/thumb/v7e-m/fpv4-sp/hard\libc.a(lib_a-__call_atexit.o)
 .ARM.attributes
                0x000007b8       0x34 c:/ac6/systemworkbench/plugins/fr.ac6.mcu.externaltools.arm-none.win32_1.15.0.201708311556/tools/compiler/bin/../lib/gcc/arm-none-eabi/6.3.1/../../../../arm-none-eabi/lib/thumb/v7e-m/fpv4-sp/hard\libc.a(lib_a-atexit.o)
 .ARM.attributes
                0x000007ec       0x34 c:/ac6/systemworkbench/plugins/fr.ac6.mcu.externaltools.arm-none.win32_1.15.0.201708311556/tools/compiler/bin/../lib/gcc/arm-none-eabi/6.3.1/../../../../arm-none-eabi/lib/thumb/v7e-m/fpv4-sp/hard\libc.a(lib_a-dtoa.o)
 .ARM.attributes
                0x00000820       0x34 c:/ac6/systemworkbench/plugins/fr.ac6.mcu.externaltools.arm-none.win32_1.15.0.201708311556/tools/compiler/bin/../lib/gcc/arm-none-eabi/6.3.1/../../../../arm-none-eabi/lib/thumb/v7e-m/fpv4-sp/hard\libc.a(lib_a-fini.o)
 .ARM.attributes
                0x00000854       0x34 c:/ac6/systemworkbench/plugins/fr.ac6.mcu.externaltools.arm-none.win32_1.15.0.201708311556/tools/compiler/bin/../lib/gcc/arm-none-eabi/6.3.1/../../../../arm-none-eabi/lib/thumb/v7e-m/fpv4-sp/hard\libc.a(lib_a-freer.o)
 .ARM.attributes
                0x00000888       0x34 c:/ac6/systemworkbench/plugins/fr.ac6.mcu.externaltools.arm-none.win32_1.15.0.201708311556/tools/compiler/bin/../lib/gcc/arm-none-eabi/6.3.1/../../../../arm-none-eabi/lib/thumb/v7e-m/fpv4-sp/hard\libc.a(lib_a-localeconv.o)
 .ARM.attributes
                0x000008bc       0x34 c:/ac6/systemworkbench/plugins/fr.ac6.mcu.externaltools.arm-none.win32_1.15.0.201708311556/tools/compiler/bin/../lib/gcc/arm-none-eabi/6.3.1/../../../../arm-none-eabi/lib/thumb/v7e-m/fpv4-sp/hard\libc.a(lib_a-lock.o)
 .ARM.attributes
                0x000008f0       0x34 c:/ac6/systemworkbench/plugins/fr.ac6.mcu.externaltools.arm-none.win32_1.15.0.201708311556/tools/compiler/bin/../lib/gcc/arm-none-eabi/6.3.1/../../../../arm-none-eabi/lib/thumb/v7e-m/fpv4-sp/hard\libc.a(lib_a-mallocr.o)
 .ARM.attributes
                0x00000924       0x20 c:/ac6/systemworkbench/plugins/fr.ac6.mcu.externaltools.arm-none.win32_1.15.0.201708311556/tools/compiler/bin/../lib/gcc/arm-none-eabi/6.3.1/../../../../arm-none-eabi/lib/thumb/v7e-m/fpv4-sp/hard\libc.a(lib_a-memchr.o)
 .ARM.attributes
                0x00000944       0x20 c:/ac6/systemworkbench/plugins/fr.ac6.mcu.externaltools.arm-none.win32_1.15.0.201708311556/tools/compiler/bin/../lib/gcc/arm-none-eabi/6.3.1/../../../../arm-none-eabi/lib/thumb/v7e-m/fpv4-sp/hard\libc.a(lib_a-memcpy.o)
 .ARM.attributes
                0x00000964       0x34 c:/ac6/systemworkbench/plugins/fr.ac6.mcu.externaltools.arm-none.win32_1.15.0.201708311556/tools/compiler/bin/../lib/gcc/arm-none-eabi/6.3.1/../../../../arm-none-eabi/lib/thumb/v7e-m/fpv4-sp/hard\libc.a(lib_a-mlock.o)
 .ARM.attributes
                0x00000998       0x34 c:/ac6/systemworkbench/plugins/fr.ac6.mcu.externaltools.arm-none.win32_1.15.0.201708311556/tools/compiler/bin/../lib/gcc/arm-none-eabi/6.3.1/../../../../arm-none-eabi/lib/thumb/v7e-m/fpv4-sp/hard\libc.a(lib_a-mprec.o)
 .ARM.attributes
                0x000009cc       0x34 c:/ac6/systemworkbench/plugins/fr.ac6.mcu.externaltools.arm-none.win32_1.15.0.201708311556/tools/compiler/bin/../lib/gcc/arm-none-eabi/6.3.1/../../../../arm-none-eabi/lib/thumb/v7e-m/fpv4-sp/hard\libc.a(lib_a-sbrkr.o)
 .ARM.attributes
                0x00000a00       0x20 c:/ac6/systemworkbench/plugins/fr.ac6.mcu.externaltools.arm-none.win32_1.15.0.201708311556/tools/compiler/bin/../lib/gcc/arm-none-eabi/6.3.1/../../../../arm-none-eabi/lib/thumb/v7e-m/fpv4-sp/hard\libc.a(lib_a-strlen.o)
 .ARM.attributes
                0x00000a20       0x34 c:/ac6/systemworkbench/plugins/fr.ac6.mcu.externaltools.arm-none.win32_1.15.0.201708311556/tools/compiler/bin/../lib/gcc/arm-none-eabi/6.3.1/../../../../arm-none-eabi/lib/thumb/v7e-m/fpv4-sp/hard\libc.a(lib_a-svfiprintf.o)
 .ARM.attributes
                0x00000a54       0x34 c:/ac6/systemworkbench/plugins/fr.ac6.mcu.externaltools.arm-none.win32_1.15.0.201708311556/tools/compiler/bin/../lib/gcc/arm-none-eabi/6.3.1/../../../../arm-none-eabi/lib/thumb/v7e-m/fpv4-sp/hard\libc.a(lib_a-__atexit.o)
 .ARM.attributes
                0x00000a88       0x34 c:/ac6/systemworkbench/plugins/fr.ac6.mcu.externaltools.arm-none.win32_1.15.0.201708311556/tools/compiler/bin/../lib/gcc/arm-none-eabi/6.3.1/../../../../arm-none-eabi/lib/thumb/v7e-m/fpv4-sp/hard\libc.a(lib_a-callocr.o)
 .ARM.attributes
                0x00000abc       0x34 c:/ac6/systemworkbench/plugins/fr.ac6.mcu.externaltools.arm-none.win32_1.15.0.201708311556/tools/compiler/bin/../lib/gcc/arm-none-eabi/6.3.1/../../../../arm-none-eabi/lib/thumb/v7e-m/fpv4-sp/hard\libc.a(lib_a-locale.o)
 .ARM.attributes
                0x00000af0       0x34 c:/ac6/systemworkbench/plugins/fr.ac6.mcu.externaltools.arm-none.win32_1.15.0.201708311556/tools/compiler/bin/../lib/gcc/arm-none-eabi/6.3.1/../../../../arm-none-eabi/lib/thumb/v7e-m/fpv4-sp/hard\libc.a(lib_a-mbtowc_r.o)
 .ARM.attributes
                0x00000b24       0x34 c:/ac6/systemworkbench/plugins/fr.ac6.mcu.externaltools.arm-none.win32_1.15.0.201708311556/tools/compiler/bin/../lib/gcc/arm-none-eabi/6.3.1/../../../../arm-none-eabi/lib/thumb/v7e-m/fpv4-sp/hard\libc.a(lib_a-memmove.o)
 .ARM.attributes
                0x00000b58       0x34 c:/ac6/systemworkbench/plugins/fr.ac6.mcu.externaltools.arm-none.win32_1.15.0.201708311556/tools/compiler/bin/../lib/gcc/arm-none-eabi/6.3.1/../../../../arm-none-eabi/lib/thumb/v7e-m/fpv4-sp/hard\libc.a(lib_a-reallocr.o)
 .ARM.attributes
                0x00000b8c       0x34 c:/ac6/systemworkbench/plugins/fr.ac6.mcu.externaltools.arm-none.win32_1.15.0.201708311556/tools/compiler/bin/../lib/gcc/arm-none-eabi/6.3.1/../../../../arm-none-eabi/lib/thumb/v7e-m/fpv4-sp/hard\libc.a(lib_a-reent.o)
 .ARM.attributes
                0x00000bc0       0x34 c:/ac6/systemworkbench/plugins/fr.ac6.mcu.externaltools.arm-none.win32_1.15.0.201708311556/tools/compiler/bin/../lib/gcc/arm-none-eabi/6.3.1/../../../../arm-none-eabi/lib/thumb/v7e-m/fpv4-sp/hard\libc.a(lib_a-wctomb_r.o)
 .ARM.attributes
                0x00000bf4       0x34 c:/ac6/systemworkbench/plugins/fr.ac6.mcu.externaltools.arm-none.win32_1.15.0.201708311556/tools/compiler/bin/../lib/gcc/arm-none-eabi/6.3.1/../../../../arm-none-eabi/lib/thumb/v7e-m/fpv4-sp/hard\libc.a(lib_a-ctype_.o)
 .ARM.attributes
                0x00000c28       0x22 c:/ac6/systemworkbench/plugins/fr.ac6.mcu.externaltools.arm-none.win32_1.15.0.201708311556/tools/compiler/bin/../lib/gcc/arm-none-eabi/6.3.1/thumb/v7e-m/fpv4-sp/hard\libgcc.a(_arm_muldivdf3.o)
 .ARM.attributes
                0x00000c4a       0x22 c:/ac6/systemworkbench/plugins/fr.ac6.mcu.externaltools.arm-none.win32_1.15.0.201708311556/tools/compiler/bin/../lib/gcc/arm-none-eabi/6.3.1/thumb/v7e-m/fpv4-sp/hard\libgcc.a(_arm_unorddf2.o)
 .ARM.attributes
                0x00000c6c       0x22 c:/ac6/systemworkbench/plugins/fr.ac6.mcu.externaltools.arm-none.win32_1.15.0.201708311556/tools/compiler/bin/../lib/gcc/arm-none-eabi/6.3.1/thumb/v7e-m/fpv4-sp/hard\libgcc.a(_arm_fixdfsi.o)
 .ARM.attributes
                0x00000c8e       0x22 c:/ac6/systemworkbench/plugins/fr.ac6.mcu.externaltools.arm-none.win32_1.15.0.201708311556/tools/compiler/bin/../lib/gcc/arm-none-eabi/6.3.1/thumb/v7e-m/fpv4-sp/hard\libgcc.a(_aeabi_uldivmod.o)
 .ARM.attributes
                0x00000cb0       0x34 c:/ac6/systemworkbench/plugins/fr.ac6.mcu.externaltools.arm-none.win32_1.15.0.201708311556/tools/compiler/bin/../lib/gcc/arm-none-eabi/6.3.1/thumb/v7e-m/fpv4-sp/hard\libgcc.a(_udivmoddi4.o)
 .ARM.attributes
                0x00000ce4       0x22 c:/ac6/systemworkbench/plugins/fr.ac6.mcu.externaltools.arm-none.win32_1.15.0.201708311556/tools/compiler/bin/../lib/gcc/arm-none-eabi/6.3.1/thumb/v7e-m/fpv4-sp/hard\libgcc.a(_dvmd_tls.o)
 .ARM.attributes
                0x00000d06       0x22 c:/ac6/systemworkbench/plugins/fr.ac6.mcu.externaltools.arm-none.win32_1.15.0.201708311556/tools/compiler/bin/../lib/gcc/arm-none-eabi/6.3.1/thumb/v7e-m/fpv4-sp/hard/crtn.o
OUTPUT(stm32-camera.elf elf32-littlearm)

.debug_info     0x00000000     0xee57
 .debug_info    0x00000000      0x551 STM32F4xx_StdPeriph_Driver/src/misc.o
 .debug_info    0x00000551      0x567 STM32F4xx_StdPeriph_Driver/src/stm32f4xx_dcmi.o
 .debug_info    0x00000ab8      0x750 STM32F4xx_StdPeriph_Driver/src/stm32f4xx_dma.o
 .debug_info    0x00001208      0x36a STM32F4xx_StdPeriph_Driver/src/stm32f4xx_exti.o
 .debug_info    0x00001572      0x90c STM32F4xx_StdPeriph_Driver/src/stm32f4xx_fsmc.o
 .debug_info    0x00001e7e      0x62c STM32F4xx_StdPeriph_Driver/src/stm32f4xx_gpio.o
 .debug_info    0x000024aa      0xb0f STM32F4xx_StdPeriph_Driver/src/stm32f4xx_i2c.o
 .debug_info    0x00002fb9      0xc76 STM32F4xx_StdPeriph_Driver/src/stm32f4xx_rcc.o
 .debug_info    0x00003c2f      0x810 STM32F4xx_StdPeriph_Driver/src/stm32f4xx_sdio.o
 .debug_info    0x0000443f      0x287 STM32F4xx_StdPeriph_Driver/src/stm32f4xx_syscfg.o
 .debug_info    0x000046c6      0x9d9 STM32F4xx_StdPeriph_Driver/src/stm32f4xx_usart.o
 .debug_info    0x0000509f      0x6aa Utilities/FatFs_vR0.08a/diskio.o
 .debug_info    0x00005749     0x165b Utilities/FatFs_vR0.08a/ff.o
 .debug_info    0x00006da4      0x201 Utilities/STM32F4-Discovery/fonts.o
 .debug_info    0x00006fa5      0xd87 Utilities/STM32F4-Discovery/stm32f4_discovery.o
 .debug_info    0x00007d2c     0x107b Utilities/STM32F4-Discovery/stm32f4_discovery_audio_codec.o
 .debug_info    0x00008da7      0xfa3 Utilities/STM32F4-Discovery/stm32f4_discovery_lcd.o
 .debug_info    0x00009d4a     0x13ae Utilities/STM32F4-Discovery/stm32f4_discovery_sdio_sd.o
 .debug_info    0x0000b0f8      0x74e src/USARTprint.o
 .debug_info    0x0000b846      0xdb5 src/bmp.o
 .debug_info    0x0000c5fb      0x61e src/dcmi_ov9655.o
 .debug_info    0x0000cc19     0x10a8 src/main.o
 .debug_info    0x0000dcc1      0x1c6 src/stm32f4xx_it.o
 .debug_info    0x0000de87      0x5d4 src/system_stm32f4xx.o
 .debug_info    0x0000e45b       0x81 startup/startup_stm32.o
 .debug_info    0x0000e4dc      0x97b startup/sysmem.o

.debug_abbrev   0x00000000     0x2b32
 .debug_abbrev  0x00000000      0x175 STM32F4xx_StdPeriph_Driver/src/misc.o
 .debug_abbrev  0x00000175      0x19f STM32F4xx_StdPeriph_Driver/src/stm32f4xx_dcmi.o
 .debug_abbrev  0x00000314      0x16b STM32F4xx_StdPeriph_Driver/src/stm32f4xx_dma.o
 .debug_abbrev  0x0000047f      0x1bf STM32F4xx_StdPeriph_Driver/src/stm32f4xx_exti.o
 .debug_abbrev  0x0000063e      0x1a0 STM32F4xx_StdPeriph_Driver/src/stm32f4xx_fsmc.o
 .debug_abbrev  0x000007de      0x1bb STM32F4xx_StdPeriph_Driver/src/stm32f4xx_gpio.o
 .debug_abbrev  0x00000999      0x194 STM32F4xx_StdPeriph_Driver/src/stm32f4xx_i2c.o
 .debug_abbrev  0x00000b2d      0x1fb STM32F4xx_StdPeriph_Driver/src/stm32f4xx_rcc.o
 .debug_abbrev  0x00000d28      0x18f STM32F4xx_StdPeriph_Driver/src/stm32f4xx_sdio.o
 .debug_abbrev  0x00000eb7      0x149 STM32F4xx_StdPeriph_Driver/src/stm32f4xx_syscfg.o
 .debug_abbrev  0x00001000      0x185 STM32F4xx_StdPeriph_Driver/src/stm32f4xx_usart.o
 .debug_abbrev  0x00001185      0x18a Utilities/FatFs_vR0.08a/diskio.o
 .debug_abbrev  0x0000130f      0x201 Utilities/FatFs_vR0.08a/ff.o
 .debug_abbrev  0x00001510       0xce Utilities/STM32F4-Discovery/fonts.o
 .debug_abbrev  0x000015de      0x207 Utilities/STM32F4-Discovery/stm32f4_discovery.o
 .debug_abbrev  0x000017e5      0x279 Utilities/STM32F4-Discovery/stm32f4_discovery_audio_codec.o
 .debug_abbrev  0x00001a5e      0x25a Utilities/STM32F4-Discovery/stm32f4_discovery_lcd.o
 .debug_abbrev  0x00001cb8      0x203 Utilities/STM32F4-Discovery/stm32f4_discovery_sdio_sd.o
 .debug_abbrev  0x00001ebb      0x199 src/USARTprint.o
 .debug_abbrev  0x00002054      0x270 src/bmp.o
 .debug_abbrev  0x000022c4      0x1b3 src/dcmi_ov9655.o
 .debug_abbrev  0x00002477      0x2a2 src/main.o
 .debug_abbrev  0x00002719       0xb4 src/stm32f4xx_it.o
 .debug_abbrev  0x000027cd      0x15b src/system_stm32f4xx.o
 .debug_abbrev  0x00002928       0x12 startup/startup_stm32.o
 .debug_abbrev  0x0000293a      0x1f8 startup/sysmem.o

.debug_aranges  0x00000000     0x1028
 .debug_aranges
                0x00000000       0x40 STM32F4xx_StdPeriph_Driver/src/misc.o
 .debug_aranges
                0x00000040       0x90 STM32F4xx_StdPeriph_Driver/src/stm32f4xx_dcmi.o
 .debug_aranges
                0x000000d0       0xb0 STM32F4xx_StdPeriph_Driver/src/stm32f4xx_dma.o
 .debug_aranges
                0x00000180       0x58 STM32F4xx_StdPeriph_Driver/src/stm32f4xx_exti.o
 .debug_aranges
                0x000001d8       0xb0 STM32F4xx_StdPeriph_Driver/src/stm32f4xx_fsmc.o
 .debug_aranges
                0x00000288       0x88 STM32F4xx_StdPeriph_Driver/src/stm32f4xx_gpio.o
 .debug_aranges
                0x00000310      0x120 STM32F4xx_StdPeriph_Driver/src/stm32f4xx_i2c.o
 .debug_aranges
                0x00000430      0x178 STM32F4xx_StdPeriph_Driver/src/stm32f4xx_rcc.o
 .debug_aranges
                0x000005a8      0x108 STM32F4xx_StdPeriph_Driver/src/stm32f4xx_sdio.o
 .debug_aranges
                0x000006b0       0x48 STM32F4xx_StdPeriph_Driver/src/stm32f4xx_syscfg.o
 .debug_aranges
                0x000006f8      0x100 STM32F4xx_StdPeriph_Driver/src/stm32f4xx_usart.o
 .debug_aranges
                0x000007f8       0x48 Utilities/FatFs_vR0.08a/diskio.o
 .debug_aranges
                0x00000840      0x158 Utilities/FatFs_vR0.08a/ff.o
 .debug_aranges
                0x00000998       0x18 Utilities/STM32F4-Discovery/fonts.o
 .debug_aranges
                0x000009b0       0x70 Utilities/STM32F4-Discovery/stm32f4_discovery.o
 .debug_aranges
                0x00000a20      0x128 Utilities/STM32F4-Discovery/stm32f4_discovery_audio_codec.o
 .debug_aranges
                0x00000b48      0x168 Utilities/STM32F4-Discovery/stm32f4_discovery_lcd.o
 .debug_aranges
                0x00000cb0      0x130 Utilities/STM32F4-Discovery/stm32f4_discovery_sdio_sd.o
 .debug_aranges
                0x00000de0       0x30 src/USARTprint.o
 .debug_aranges
                0x00000e10       0x38 src/bmp.o
 .debug_aranges
                0x00000e48       0x80 src/dcmi_ov9655.o
 .debug_aranges
                0x00000ec8       0x70 src/main.o
 .debug_aranges
                0x00000f38       0x78 src/stm32f4xx_it.o
 .debug_aranges
                0x00000fb0       0x30 src/system_stm32f4xx.o
 .debug_aranges
                0x00000fe0       0x28 startup/startup_stm32.o
 .debug_aranges
                0x00001008       0x20 startup/sysmem.o

.debug_ranges   0x00000000      0xea0
 .debug_ranges  0x00000000       0x30 STM32F4xx_StdPeriph_Driver/src/misc.o
 .debug_ranges  0x00000030       0x80 STM32F4xx_StdPeriph_Driver/src/stm32f4xx_dcmi.o
 .debug_ranges  0x000000b0       0xa0 STM32F4xx_StdPeriph_Driver/src/stm32f4xx_dma.o
 .debug_ranges  0x00000150       0x48 STM32F4xx_StdPeriph_Driver/src/stm32f4xx_exti.o
 .debug_ranges  0x00000198       0xa0 STM32F4xx_StdPeriph_Driver/src/stm32f4xx_fsmc.o
 .debug_ranges  0x00000238       0x78 STM32F4xx_StdPeriph_Driver/src/stm32f4xx_gpio.o
 .debug_ranges  0x000002b0      0x110 STM32F4xx_StdPeriph_Driver/src/stm32f4xx_i2c.o
 .debug_ranges  0x000003c0      0x168 STM32F4xx_StdPeriph_Driver/src/stm32f4xx_rcc.o
 .debug_ranges  0x00000528       0xf8 STM32F4xx_StdPeriph_Driver/src/stm32f4xx_sdio.o
 .debug_ranges  0x00000620       0x38 STM32F4xx_StdPeriph_Driver/src/stm32f4xx_syscfg.o
 .debug_ranges  0x00000658       0xf0 STM32F4xx_StdPeriph_Driver/src/stm32f4xx_usart.o
 .debug_ranges  0x00000748       0x38 Utilities/FatFs_vR0.08a/diskio.o
 .debug_ranges  0x00000780      0x148 Utilities/FatFs_vR0.08a/ff.o
 .debug_ranges  0x000008c8       0x60 Utilities/STM32F4-Discovery/stm32f4_discovery.o
 .debug_ranges  0x00000928      0x118 Utilities/STM32F4-Discovery/stm32f4_discovery_audio_codec.o
 .debug_ranges  0x00000a40      0x158 Utilities/STM32F4-Discovery/stm32f4_discovery_lcd.o
 .debug_ranges  0x00000b98      0x120 Utilities/STM32F4-Discovery/stm32f4_discovery_sdio_sd.o
 .debug_ranges  0x00000cb8       0x38 src/USARTprint.o
 .debug_ranges  0x00000cf0       0x28 src/bmp.o
 .debug_ranges  0x00000d18       0x70 src/dcmi_ov9655.o
 .debug_ranges  0x00000d88       0x60 src/main.o
 .debug_ranges  0x00000de8       0x68 src/stm32f4xx_it.o
 .debug_ranges  0x00000e50       0x20 src/system_stm32f4xx.o
 .debug_ranges  0x00000e70       0x20 startup/startup_stm32.o
 .debug_ranges  0x00000e90       0x10 startup/sysmem.o

.debug_macro    0x00000000    0x11adb
 .debug_macro   0x00000000      0x1c5 STM32F4xx_StdPeriph_Driver/src/misc.o
 .debug_macro   0x000001c5      0x8d4 STM32F4xx_StdPeriph_Driver/src/misc.o
 .debug_macro   0x00000a99       0x63 STM32F4xx_StdPeriph_Driver/src/misc.o
 .debug_macro   0x00000afc       0x35 STM32F4xx_StdPeriph_Driver/src/misc.o
 .debug_macro   0x00000b31       0x22 STM32F4xx_StdPeriph_Driver/src/misc.o
 .debug_macro   0x00000b53       0x87 STM32F4xx_StdPeriph_Driver/src/misc.o
 .debug_macro   0x00000bda       0x51 STM32F4xx_StdPeriph_Driver/src/misc.o
 .debug_macro   0x00000c2b       0xef STM32F4xx_StdPeriph_Driver/src/misc.o
 .debug_macro   0x00000d1a       0x6a STM32F4xx_StdPeriph_Driver/src/misc.o
 .debug_macro   0x00000d84      0x1df STM32F4xx_StdPeriph_Driver/src/misc.o
 .debug_macro   0x00000f63       0x18 STM32F4xx_StdPeriph_Driver/src/misc.o
 .debug_macro   0x00000f7b       0x42 STM32F4xx_StdPeriph_Driver/src/misc.o
 .debug_macro   0x00000fbd      0x8cb STM32F4xx_StdPeriph_Driver/src/misc.o
 .debug_macro   0x00001888     0x805e STM32F4xx_StdPeriph_Driver/src/misc.o
 .debug_macro   0x000098e6       0x16 STM32F4xx_StdPeriph_Driver/src/misc.o
 .debug_macro   0x000098fc      0x44f STM32F4xx_StdPeriph_Driver/src/misc.o
 .debug_macro   0x00009d4b      0x3cf STM32F4xx_StdPeriph_Driver/src/misc.o
 .debug_macro   0x0000a11a      0x111 STM32F4xx_StdPeriph_Driver/src/misc.o
 .debug_macro   0x0000a22b      0x188 STM32F4xx_StdPeriph_Driver/src/misc.o
 .debug_macro   0x0000a3b3       0xb2 STM32F4xx_StdPeriph_Driver/src/misc.o
 .debug_macro   0x0000a465      0x149 STM32F4xx_StdPeriph_Driver/src/misc.o
 .debug_macro   0x0000a5ae      0x477 STM32F4xx_StdPeriph_Driver/src/misc.o
 .debug_macro   0x0000aa25       0xae STM32F4xx_StdPeriph_Driver/src/misc.o